// Jest Snapshot v1, https://goo.gl/fbAQLP

exports[`Linechart withStyles should render correctly 1`] = `
<JssProvider
  generateClassName={[Function]}
>
  <HvProvider
    changeTheme={[Function]}
    router={null}
    theme={null}
    uiKitTheme="dawn"
  >
    <WithStyles(Linechart)
      data={
        Array [
          Object {
            "name": "Sales Target",
            "x": Array [
              2300,
              1000,
              8500,
            ],
            "y": Array [
              "January",
              "February",
              "March",
            ],
          },
        ]
      }
      layout={Object {}}
    />
  </HvProvider>
</JssProvider>
`;
