// Jest Snapshot v1, https://goo.gl/fbAQLP

exports[`Snackbar  should render correctly 1`] = `
<WithStyles(HvSnackbar)
  id="Snackbar"
>
  <HvSnackbar
    classes={
      Object {
        "anchorOriginBottomCenter": "HvSnackbar-anchorOriginBottomCenter",
        "anchorOriginBottomLeft": "HvSnackbar-anchorOriginBottomLeft",
        "anchorOriginBottomRight": "HvSnackbar-anchorOriginBottomRight",
        "anchorOriginTopCenter": "HvSnackbar-anchorOriginTopCenter",
        "anchorOriginTopLeft": "HvSnackbar-anchorOriginTopLeft",
        "anchorOriginTopRight": "HvSnackbar-anchorOriginTopRight",
      }
    }
    id="Snackbar"
  >
    <ForwardRef(Snackbar)
      TransitionComponent={[Function]}
      anchorOrigin={
        Object {
          "horizontal": "right",
          "vertical": "top",
        }
      }
      autoHideDuration={5000}
      classes={
        Object {
          "anchorOriginBottomCenter": "HvSnackbar-anchorOriginBottomCenter",
          "anchorOriginBottomLeft": "HvSnackbar-anchorOriginBottomLeft",
          "anchorOriginBottomRight": "HvSnackbar-anchorOriginBottomRight",
          "anchorOriginTopCenter": "HvSnackbar-anchorOriginTopCenter",
          "anchorOriginTopLeft": "HvSnackbar-anchorOriginTopLeft",
          "anchorOriginTopRight": "HvSnackbar-anchorOriginTopRight",
        }
      }
      id="Snackbar"
      open={false}
      style={
        Object {
          "top": "60px",
        }
      }
      transitionDuration={300}
    />
  </HvSnackbar>
</WithStyles(HvSnackbar)>
`;
