// Vitest Snapshot v1

exports[`ProgressBar > should render correctly 1`] = `
<div>
  <div
    aria-valuemax="100"
    aria-valuemin="0"
    aria-valuenow="0"
    class="HvProgressBar-root HvProgressBar-progress css-vzi3yb-StyledRoot eafrvc94"
    role="progressbar"
  >
    <div
      class="css-1ezqlcy-StyledProgressContainer eafrvc93"
    >
      <p
        class="HvProgressBar-progressBarLabel eafrvc92 css-oaj17d-getStyledComponent-StyledValue e1te0rfk0"
        style="width: 0%;"
        variant="caption2"
      >
        0%
      </p>
      <div
        class="css-179kxy2-StyledProgressBarContainer eafrvc91"
      >
        <div
          class="HvProgressBar-progressBar css-1q42i5j-StyledProgressBar eafrvc90"
          style="width: 0%;"
        />
      </div>
    </div>
  </div>
</div>
`;
