// Vitest Snapshot v1, https://vitest.dev/guide/snapshot.html

exports[`Adornment > should render correctly 1`] = `
<div>
  <div
    class="HvAdornment-root HvAdornment-adornment HvAdornment-adornmentIcon css-16q1xu7-StyledRoot ek2tbgi2"
    role="presentation"
  >
    <div
      class="HvAdornment-icon css-1431vi8-StyledIcon ek2tbgi1"
    >
      <div
        class="css-f95wjz"
        name="CloseXS"
      >
        <svg
          focusable="false"
          height="12"
          viewBox="0 0 12 12"
          width="12"
          xmlns="http://www.w3.org/2000/svg"
        >
          <path
            class="color0"
            d="m10.6 2.1-.7-.7L6 5.3 2.1 1.4l-.7.7L5.3 6 1.4 9.9l.7.7L6 6.7l3.9 3.9.7-.7L6.7 6z"
            fill="var(--uikit-colors-acce1)"
          />
        </svg>
      </div>
    </div>
  </div>
</div>
`;
