// Jest Snapshot v1, https://goo.gl/fbAQLP

exports[`ModalContent styles should behave correctly 1`] = `
Object {
  "root": Object {
    "flex": "none",
    "padding": " 20pxpx 0px 0px 0px",
  },
  "textContent": Object {
    "marginLeft": "58px",
  },
}
`;
