// Jest Snapshot v1, https://goo.gl/fbAQLP

exports[`Action Bar should render correctly 1`] = `
<WithStyles(HvActionBar)
  className="makeStyles-actionBar-2"
>
  <HvActionBar
    className="makeStyles-actionBar-2"
    classes={
      Object {
        "root": "HvActionBar-root",
      }
    }
  >
    <div
      className="HvActionBar-root makeStyles-actionBar-2"
    >
      <WithStyles(HvButton)
        category="ghost"
        onClick={[Function]}
      >
        <HvButton
          category="ghost"
          classes={
            Object {
              "focusVisible": "HvButton-focusVisible",
              "ghost": "HvButton-ghost",
              "ghostDisabled": "HvButton-ghostDisabled",
              "ghostSVG": "HvButton-ghostSVG",
              "icon": "HvButton-icon",
              "iconSVG": "HvButton-iconSVG",
              "primary": "HvButton-primary",
              "primaryDisabled": "HvButton-primaryDisabled",
              "primarySVG": "HvButton-primarySVG",
              "root": "HvButton-root",
              "secondary": "HvButton-secondary",
              "secondaryDisabled": "HvButton-secondaryDisabled",
              "secondarySVG": "HvButton-secondarySVG",
              "semantic": "HvButton-semantic",
              "semanticDisabled": "HvButton-semanticDisabled",
              "semanticSVG": "HvButton-semanticSVG",
              "startIcon": "HvButton-startIcon",
            }
          }
          onClick={[Function]}
        >
          <WithStyles(ForwardRef(Button))
            className="HvButton-ghostSVG"
            classes={
              Object {
                "containedPrimary": "HvButton-primary",
                "disabled": "HvButton-ghostDisabled",
                "outlinedPrimary": "HvButton-secondary",
                "root": "HvButton-root",
                "startIcon": "HvButton-startIcon",
                "textPrimary": "HvButton-ghost",
              }
            }
            color="primary"
            disableRipple={true}
            focusVisibleClassName="HvButton-focusVisible"
            onClick={[Function]}
            variant="text"
          >
            <ForwardRef(Button)
              className="HvButton-ghostSVG"
              classes={
                Object {
                  "colorInherit": "MuiButton-colorInherit",
                  "contained": "MuiButton-contained",
                  "containedPrimary": "MuiButton-containedPrimary HvButton-primary",
                  "containedSecondary": "MuiButton-containedSecondary",
                  "containedSizeLarge": "MuiButton-containedSizeLarge",
                  "containedSizeSmall": "MuiButton-containedSizeSmall",
                  "disableElevation": "MuiButton-disableElevation",
                  "disabled": "Mui-disabled HvButton-ghostDisabled",
                  "endIcon": "MuiButton-endIcon",
                  "focusVisible": "Mui-focusVisible",
                  "fullWidth": "MuiButton-fullWidth",
                  "iconSizeLarge": "MuiButton-iconSizeLarge",
                  "iconSizeMedium": "MuiButton-iconSizeMedium",
                  "iconSizeSmall": "MuiButton-iconSizeSmall",
                  "label": "MuiButton-label",
                  "outlined": "MuiButton-outlined",
                  "outlinedPrimary": "MuiButton-outlinedPrimary HvButton-secondary",
                  "outlinedSecondary": "MuiButton-outlinedSecondary",
                  "outlinedSizeLarge": "MuiButton-outlinedSizeLarge",
                  "outlinedSizeSmall": "MuiButton-outlinedSizeSmall",
                  "root": "MuiButton-root HvButton-root",
                  "sizeLarge": "MuiButton-sizeLarge",
                  "sizeSmall": "MuiButton-sizeSmall",
                  "startIcon": "MuiButton-startIcon HvButton-startIcon",
                  "text": "MuiButton-text",
                  "textPrimary": "MuiButton-textPrimary HvButton-ghost",
                  "textSecondary": "MuiButton-textSecondary",
                  "textSizeLarge": "MuiButton-textSizeLarge",
                  "textSizeSmall": "MuiButton-textSizeSmall",
                }
              }
              color="primary"
              disableRipple={true}
              focusVisibleClassName="HvButton-focusVisible"
              onClick={[Function]}
              variant="text"
            >
              <WithStyles(ForwardRef(ButtonBase))
                className="MuiButton-root HvButton-root MuiButton-text HvButton-ghostSVG MuiButton-textPrimary HvButton-ghost"
                component="button"
                disableRipple={true}
                disabled={false}
                focusRipple={true}
                focusVisibleClassName="Mui-focusVisible HvButton-focusVisible"
                onClick={[Function]}
                type="button"
              >
                <ForwardRef(ButtonBase)
                  className="MuiButton-root HvButton-root MuiButton-text HvButton-ghostSVG MuiButton-textPrimary HvButton-ghost"
                  classes={
                    Object {
                      "disabled": "Mui-disabled",
                      "focusVisible": "Mui-focusVisible",
                      "root": "MuiButtonBase-root",
                    }
                  }
                  component="button"
                  disableRipple={true}
                  disabled={false}
                  focusRipple={true}
                  focusVisibleClassName="Mui-focusVisible HvButton-focusVisible"
                  onClick={[Function]}
                  type="button"
                >
                  <button
                    className="MuiButtonBase-root MuiButton-root HvButton-root MuiButton-text HvButton-ghostSVG MuiButton-textPrimary HvButton-ghost"
                    disabled={false}
                    onBlur={[Function]}
                    onClick={[Function]}
                    onDragLeave={[Function]}
                    onFocus={[Function]}
                    onKeyDown={[Function]}
                    onKeyUp={[Function]}
                    onMouseDown={[Function]}
                    onMouseLeave={[Function]}
                    onMouseUp={[Function]}
                    onTouchEnd={[Function]}
                    onTouchMove={[Function]}
                    onTouchStart={[Function]}
                    tabIndex={0}
                    type="button"
                  >
                    <span
                      className="MuiButton-label"
                    >
                      Help
                    </span>
                  </button>
                </ForwardRef(ButtonBase)>
              </WithStyles(ForwardRef(ButtonBase))>
            </ForwardRef(Button)>
          </WithStyles(ForwardRef(Button))>
        </HvButton>
      </WithStyles(HvButton)>
      <div
        aria-hidden="true"
        className="makeStyles-space-3"
      >
        Â 
      </div>
      <WithStyles(HvButton)
        category="ghost"
        className="makeStyles-buttonSeparator-4"
        onClick={[Function]}
      >
        <HvButton
          category="ghost"
          className="makeStyles-buttonSeparator-4"
          classes={
            Object {
              "focusVisible": "HvButton-focusVisible",
              "ghost": "HvButton-ghost",
              "ghostDisabled": "HvButton-ghostDisabled",
              "ghostSVG": "HvButton-ghostSVG",
              "icon": "HvButton-icon",
              "iconSVG": "HvButton-iconSVG",
              "primary": "HvButton-primary",
              "primaryDisabled": "HvButton-primaryDisabled",
              "primarySVG": "HvButton-primarySVG",
              "root": "HvButton-root",
              "secondary": "HvButton-secondary",
              "secondaryDisabled": "HvButton-secondaryDisabled",
              "secondarySVG": "HvButton-secondarySVG",
              "semantic": "HvButton-semantic",
              "semanticDisabled": "HvButton-semanticDisabled",
              "semanticSVG": "HvButton-semanticSVG",
              "startIcon": "HvButton-startIcon",
            }
          }
          onClick={[Function]}
        >
          <WithStyles(ForwardRef(Button))
            className="makeStyles-buttonSeparator-4 HvButton-ghostSVG"
            classes={
              Object {
                "containedPrimary": "HvButton-primary",
                "disabled": "HvButton-ghostDisabled",
                "outlinedPrimary": "HvButton-secondary",
                "root": "HvButton-root",
                "startIcon": "HvButton-startIcon",
                "textPrimary": "HvButton-ghost",
              }
            }
            color="primary"
            disableRipple={true}
            focusVisibleClassName="HvButton-focusVisible"
            onClick={[Function]}
            variant="text"
          >
            <ForwardRef(Button)
              className="makeStyles-buttonSeparator-4 HvButton-ghostSVG"
              classes={
                Object {
                  "colorInherit": "MuiButton-colorInherit",
                  "contained": "MuiButton-contained",
                  "containedPrimary": "MuiButton-containedPrimary HvButton-primary",
                  "containedSecondary": "MuiButton-containedSecondary",
                  "containedSizeLarge": "MuiButton-containedSizeLarge",
                  "containedSizeSmall": "MuiButton-containedSizeSmall",
                  "disableElevation": "MuiButton-disableElevation",
                  "disabled": "Mui-disabled HvButton-ghostDisabled",
                  "endIcon": "MuiButton-endIcon",
                  "focusVisible": "Mui-focusVisible",
                  "fullWidth": "MuiButton-fullWidth",
                  "iconSizeLarge": "MuiButton-iconSizeLarge",
                  "iconSizeMedium": "MuiButton-iconSizeMedium",
                  "iconSizeSmall": "MuiButton-iconSizeSmall",
                  "label": "MuiButton-label",
                  "outlined": "MuiButton-outlined",
                  "outlinedPrimary": "MuiButton-outlinedPrimary HvButton-secondary",
                  "outlinedSecondary": "MuiButton-outlinedSecondary",
                  "outlinedSizeLarge": "MuiButton-outlinedSizeLarge",
                  "outlinedSizeSmall": "MuiButton-outlinedSizeSmall",
                  "root": "MuiButton-root HvButton-root",
                  "sizeLarge": "MuiButton-sizeLarge",
                  "sizeSmall": "MuiButton-sizeSmall",
                  "startIcon": "MuiButton-startIcon HvButton-startIcon",
                  "text": "MuiButton-text",
                  "textPrimary": "MuiButton-textPrimary HvButton-ghost",
                  "textSecondary": "MuiButton-textSecondary",
                  "textSizeLarge": "MuiButton-textSizeLarge",
                  "textSizeSmall": "MuiButton-textSizeSmall",
                }
              }
              color="primary"
              disableRipple={true}
              focusVisibleClassName="HvButton-focusVisible"
              onClick={[Function]}
              variant="text"
            >
              <WithStyles(ForwardRef(ButtonBase))
                className="MuiButton-root HvButton-root MuiButton-text makeStyles-buttonSeparator-4 HvButton-ghostSVG MuiButton-textPrimary HvButton-ghost"
                component="button"
                disableRipple={true}
                disabled={false}
                focusRipple={true}
                focusVisibleClassName="Mui-focusVisible HvButton-focusVisible"
                onClick={[Function]}
                type="button"
              >
                <ForwardRef(ButtonBase)
                  className="MuiButton-root HvButton-root MuiButton-text makeStyles-buttonSeparator-4 HvButton-ghostSVG MuiButton-textPrimary HvButton-ghost"
                  classes={
                    Object {
                      "disabled": "Mui-disabled",
                      "focusVisible": "Mui-focusVisible",
                      "root": "MuiButtonBase-root",
                    }
                  }
                  component="button"
                  disableRipple={true}
                  disabled={false}
                  focusRipple={true}
                  focusVisibleClassName="Mui-focusVisible HvButton-focusVisible"
                  onClick={[Function]}
                  type="button"
                >
                  <button
                    className="MuiButtonBase-root MuiButton-root HvButton-root MuiButton-text makeStyles-buttonSeparator-4 HvButton-ghostSVG MuiButton-textPrimary HvButton-ghost"
                    disabled={false}
                    onBlur={[Function]}
                    onClick={[Function]}
                    onDragLeave={[Function]}
                    onFocus={[Function]}
                    onKeyDown={[Function]}
                    onKeyUp={[Function]}
                    onMouseDown={[Function]}
                    onMouseLeave={[Function]}
                    onMouseUp={[Function]}
                    onTouchEnd={[Function]}
                    onTouchMove={[Function]}
                    onTouchStart={[Function]}
                    tabIndex={0}
                    type="button"
                  >
                    <span
                      className="MuiButton-label"
                    >
                      Save
                    </span>
                  </button>
                </ForwardRef(ButtonBase)>
              </WithStyles(ForwardRef(ButtonBase))>
            </ForwardRef(Button)>
          </WithStyles(ForwardRef(Button))>
        </HvButton>
      </WithStyles(HvButton)>
      <WithStyles(HvButton)
        category="ghost"
        onClick={[Function]}
      >
        <HvButton
          category="ghost"
          classes={
            Object {
              "focusVisible": "HvButton-focusVisible",
              "ghost": "HvButton-ghost",
              "ghostDisabled": "HvButton-ghostDisabled",
              "ghostSVG": "HvButton-ghostSVG",
              "icon": "HvButton-icon",
              "iconSVG": "HvButton-iconSVG",
              "primary": "HvButton-primary",
              "primaryDisabled": "HvButton-primaryDisabled",
              "primarySVG": "HvButton-primarySVG",
              "root": "HvButton-root",
              "secondary": "HvButton-secondary",
              "secondaryDisabled": "HvButton-secondaryDisabled",
              "secondarySVG": "HvButton-secondarySVG",
              "semantic": "HvButton-semantic",
              "semanticDisabled": "HvButton-semanticDisabled",
              "semanticSVG": "HvButton-semanticSVG",
              "startIcon": "HvButton-startIcon",
            }
          }
          onClick={[Function]}
        >
          <WithStyles(ForwardRef(Button))
            className="HvButton-ghostSVG"
            classes={
              Object {
                "containedPrimary": "HvButton-primary",
                "disabled": "HvButton-ghostDisabled",
                "outlinedPrimary": "HvButton-secondary",
                "root": "HvButton-root",
                "startIcon": "HvButton-startIcon",
                "textPrimary": "HvButton-ghost",
              }
            }
            color="primary"
            disableRipple={true}
            focusVisibleClassName="HvButton-focusVisible"
            onClick={[Function]}
            variant="text"
          >
            <ForwardRef(Button)
              className="HvButton-ghostSVG"
              classes={
                Object {
                  "colorInherit": "MuiButton-colorInherit",
                  "contained": "MuiButton-contained",
                  "containedPrimary": "MuiButton-containedPrimary HvButton-primary",
                  "containedSecondary": "MuiButton-containedSecondary",
                  "containedSizeLarge": "MuiButton-containedSizeLarge",
                  "containedSizeSmall": "MuiButton-containedSizeSmall",
                  "disableElevation": "MuiButton-disableElevation",
                  "disabled": "Mui-disabled HvButton-ghostDisabled",
                  "endIcon": "MuiButton-endIcon",
                  "focusVisible": "Mui-focusVisible",
                  "fullWidth": "MuiButton-fullWidth",
                  "iconSizeLarge": "MuiButton-iconSizeLarge",
                  "iconSizeMedium": "MuiButton-iconSizeMedium",
                  "iconSizeSmall": "MuiButton-iconSizeSmall",
                  "label": "MuiButton-label",
                  "outlined": "MuiButton-outlined",
                  "outlinedPrimary": "MuiButton-outlinedPrimary HvButton-secondary",
                  "outlinedSecondary": "MuiButton-outlinedSecondary",
                  "outlinedSizeLarge": "MuiButton-outlinedSizeLarge",
                  "outlinedSizeSmall": "MuiButton-outlinedSizeSmall",
                  "root": "MuiButton-root HvButton-root",
                  "sizeLarge": "MuiButton-sizeLarge",
                  "sizeSmall": "MuiButton-sizeSmall",
                  "startIcon": "MuiButton-startIcon HvButton-startIcon",
                  "text": "MuiButton-text",
                  "textPrimary": "MuiButton-textPrimary HvButton-ghost",
                  "textSecondary": "MuiButton-textSecondary",
                  "textSizeLarge": "MuiButton-textSizeLarge",
                  "textSizeSmall": "MuiButton-textSizeSmall",
                }
              }
              color="primary"
              disableRipple={true}
              focusVisibleClassName="HvButton-focusVisible"
              onClick={[Function]}
              variant="text"
            >
              <WithStyles(ForwardRef(ButtonBase))
                className="MuiButton-root HvButton-root MuiButton-text HvButton-ghostSVG MuiButton-textPrimary HvButton-ghost"
                component="button"
                disableRipple={true}
                disabled={false}
                focusRipple={true}
                focusVisibleClassName="Mui-focusVisible HvButton-focusVisible"
                onClick={[Function]}
                type="button"
              >
                <ForwardRef(ButtonBase)
                  className="MuiButton-root HvButton-root MuiButton-text HvButton-ghostSVG MuiButton-textPrimary HvButton-ghost"
                  classes={
                    Object {
                      "disabled": "Mui-disabled",
                      "focusVisible": "Mui-focusVisible",
                      "root": "MuiButtonBase-root",
                    }
                  }
                  component="button"
                  disableRipple={true}
                  disabled={false}
                  focusRipple={true}
                  focusVisibleClassName="Mui-focusVisible HvButton-focusVisible"
                  onClick={[Function]}
                  type="button"
                >
                  <button
                    className="MuiButtonBase-root MuiButton-root HvButton-root MuiButton-text HvButton-ghostSVG MuiButton-textPrimary HvButton-ghost"
                    disabled={false}
                    onBlur={[Function]}
                    onClick={[Function]}
                    onDragLeave={[Function]}
                    onFocus={[Function]}
                    onKeyDown={[Function]}
                    onKeyUp={[Function]}
                    onMouseDown={[Function]}
                    onMouseLeave={[Function]}
                    onMouseUp={[Function]}
                    onTouchEnd={[Function]}
                    onTouchMove={[Function]}
                    onTouchStart={[Function]}
                    tabIndex={0}
                    type="button"
                  >
                    <span
                      className="MuiButton-label"
                    >
                      Cancel
                    </span>
                  </button>
                </ForwardRef(ButtonBase)>
              </WithStyles(ForwardRef(ButtonBase))>
            </ForwardRef(Button)>
          </WithStyles(ForwardRef(Button))>
        </HvButton>
      </WithStyles(HvButton)>
    </div>
  </HvActionBar>
</WithStyles(HvActionBar)>
`;
