// Vitest Snapshot v1, https://vitest.dev/guide/snapshot.html

exports[`Tab > should render correctly 1`] = `
<div>
  <button
    class="MuiButtonBase-root MuiTab-root HvTab-root MuiTab-textColorInherit css-mxbnpo-StyledTab evi6req0 css-cjctlb-MuiButtonBase-root-MuiTab-root"
    role="tab"
    tabindex="-1"
    type="button"
  >
    Clickable tab
  </button>
</div>
`;
