// Jest Snapshot v1, https://goo.gl/fbAQLP

exports[`ListItem withStyles should render correctly 1`] = `
<JssProvider
  generateClassName={[Function]}
>
  <HvProvider
    changeTheme={[Function]}
    router={null}
    theme={null}
    uiKitTheme="dawn"
  >
    <DeprecatedComponent
      actions="actions"
      avatar="icon"
      checkboxValue="value"
      classes={Object {}}
      innerItemContent="content"
      isSelectable={true}
      semantic="sema1"
      subtitle="subtitle"
      title="title"
    />
  </HvProvider>
</JssProvider>
`;
