// Jest Snapshot v1, https://goo.gl/fbAQLP

exports[`Controls should render the component without customization 1`] = `
<div>
  <div
    class="makeStyles-root-1"
  >
    <div
      class="makeStyles-leftControl-2"
    />
    <div
      class="makeStyles-rightControl-3"
    />
  </div>
</div>
`;

exports[`Controls should render the component without left controls 1`] = `
<div>
  <div
    class="makeStyles-root-1"
  >
    <div
      class="makeStyles-leftControl-2"
    />
    <div
      class="makeStyles-rightControl-3"
    />
  </div>
</div>
`;

exports[`Controls should render the component without right controls 1`] = `
<div>
  <div
    class="makeStyles-root-1"
  >
    <div
      class="makeStyles-leftControl-2"
    />
    <div
      class="makeStyles-rightControl-3"
    />
  </div>
</div>
`;
