// Jest Snapshot v1, https://goo.gl/fbAQLP

exports[`Badge  should render correctly 1`] = `
<JssProvider
  generateClassName={[Function]}
>
  <HvProvider
    changeTheme={[Function]}
    router={null}
    theme={null}
    uiKitTheme="dawn"
  >
    <WithStyles(Badge)
      count={0}
    />
  </HvProvider>
</JssProvider>
`;
