// Jest Snapshot v1, https://goo.gl/fbAQLP

exports[`HvRadio sample snapshot testing Main 1`] = `
<div>
  <div
    class="HvRadio-root HvFormElement-root"
  >
    <div
      class="HvRadio-container"
    >
      <span
        class="MuiRadio-root MuiRadio-colorDefault MuiButtonBase-root MuiRadio-root MuiRadio-colorDefault PrivateSwitchBase-root HvRadio-radio HvBaseRadio-root css-1gu2tss-MuiButtonBase-root-MuiRadio-root"
      >
        <input
          class="PrivateSwitchBase-input css-1m9pwf3"
          id="hvradio1-input"
          name="main"
          type="radio"
          value="1"
        />
        <div
          class="HvIconBase-root HvIconBase-s"
          font-size="medium"
          name="RadioButtonUnselected"
        >
          <svg
            focusable="false"
            height="16"
            viewBox="0 0 16 16"
            width="16"
            xmlns="http://www.w3.org/2000/svg"
          >
            <path
              class="color0"
              d="M8 15.5a7.525 7.525 0 115.3-2.2A7.446 7.446 0 018 15.5z"
              fill="#FBFCFC"
            />
            <path
              class="color1"
              d="M8 15a7.023 7.023 0 10-4.943-2.057A6.953 6.953 0 008 15m0 1a8 8 0 118-8 8 8 0 01-8 8z"
              fill="#414141"
            />
          </svg>
        </div>
      </span>
      <label
        class="HvRadio-label HvLabel-root HvTypography-root HvTypography-highlightText"
        for="hvradio1-input"
        id="hvradio1-label"
      >
        Radio 1
      </label>
    </div>
  </div>
  <div
    class="HvRadio-root HvFormElement-root"
  >
    <div
      class="HvRadio-container"
    >
      <span
        class="MuiRadio-root MuiRadio-colorDefault MuiButtonBase-root MuiRadio-root MuiRadio-colorDefault PrivateSwitchBase-root HvRadio-radio HvBaseRadio-root css-1gu2tss-MuiButtonBase-root-MuiRadio-root"
      >
        <input
          class="PrivateSwitchBase-input css-1m9pwf3"
          id="hvradio3-input"
          name="main"
          type="radio"
          value="2"
        />
        <div
          class="HvIconBase-root HvIconBase-s"
          font-size="medium"
          name="RadioButtonUnselected"
        >
          <svg
            focusable="false"
            height="16"
            viewBox="0 0 16 16"
            width="16"
            xmlns="http://www.w3.org/2000/svg"
          >
            <path
              class="color0"
              d="M8 15.5a7.525 7.525 0 115.3-2.2A7.446 7.446 0 018 15.5z"
              fill="#FBFCFC"
            />
            <path
              class="color1"
              d="M8 15a7.023 7.023 0 10-4.943-2.057A6.953 6.953 0 008 15m0 1a8 8 0 118-8 8 8 0 01-8 8z"
              fill="#414141"
            />
          </svg>
        </div>
      </span>
      <label
        class="HvRadio-label HvLabel-root HvTypography-root HvTypography-highlightText"
        for="hvradio3-input"
        id="hvradio3-label"
      >
        Radio 2
      </label>
    </div>
  </div>
</div>
`;
