// Jest Snapshot v1, https://goo.gl/fbAQLP

exports[`MenuItem withStyles should be able to render 1`] = `
<WithStyles(MenuItem)
  item={
    Object {
      "id": "someId ",
      "label": "someLabel",
    }
  }
  type="menubar"
>
  <MenuItem
    classes={
      Object {
        "button": "HvHeaderMenuItem-button",
        "contentFocusDisabled": "HvHeaderMenuItem-contentFocusDisabled",
        "contentFocused": "HvHeaderMenuItem-contentFocused",
        "externalReference": "HvHeaderMenuItem-externalReference",
        "falseFocus": "HvHeaderMenuItem-falseFocus",
        "notSelectedItem": "HvHeaderMenuItem-notSelectedItem",
        "root": "HvHeaderMenuItem-root",
        "selectedItem": "HvHeaderMenuItem-selectedItem",
      }
    }
    item={
      Object {
        "id": "someId ",
        "label": "someLabel",
      }
    }
    type="menubar"
  >
    <li
      className="HvHeaderMenuItem-root HvHeaderMenuItem-notSelectedItem"
      key="someLabel"
    >
      <ConditionalWrapper
        condition={null}
        wrapper={[Function]}
      >
        <div
          className="HvHeaderMenuItem-button HvHeaderMenuItem-contentFocusDisabled"
          onBlur={[Function]}
          onClick={[Function]}
          onFocus={[Function]}
          onKeyDown={[Function]}
          role="button"
          tabIndex={0}
        >
          <WithStyles(ForwardRef)
            variant="normalText"
          >
            <ForwardRef
              classes={
                Object {
                  "3xlTitle": "HvTypography-3xlTitle",
                  "4xlTitle": "HvTypography-4xlTitle",
                  "5xlTitle": "HvTypography-5xlTitle",
                  "disabledButtonText": "HvTypography-disabledButtonText",
                  "highlightText": "HvTypography-highlightText",
                  "infoText": "HvTypography-infoText",
                  "inlineLink": "HvTypography-inlineLink",
                  "lTitle": "HvTypography-lTitle",
                  "labelText": "HvTypography-labelText",
                  "mTitle": "HvTypography-mTitle",
                  "normalText": "HvTypography-normalText",
                  "placeholderText": "HvTypography-placeholderText",
                  "root": "HvTypography-root",
                  "sLink": "HvTypography-sLink",
                  "sText": "HvTypography-sText",
                  "sTitle": "HvTypography-sTitle",
                  "selectedNavText": "HvTypography-selectedNavText",
                  "selectedText": "HvTypography-selectedText",
                  "vizText": "HvTypography-vizText",
                  "xlTitle": "HvTypography-xlTitle",
                  "xsTitle": "HvTypography-xsTitle",
                  "xxlTitle": "HvTypography-xxlTitle",
                  "xxsTitle": "HvTypography-xxsTitle",
                }
              }
              variant="normalText"
            >
              <p
                className="HvTypography-root HvTypography-normalText"
              >
                someLabel
              </p>
            </ForwardRef>
          </WithStyles(ForwardRef)>
        </div>
      </ConditionalWrapper>
    </li>
  </MenuItem>
</WithStyles(MenuItem)>
`;
