// Vitest Snapshot v1, https://vitest.dev/guide/snapshot.html

exports[`Kpi > should render correctly 1`] = `
<div>
  <div
    class="HvKpi-root css-1p3o5cs-StyledRoot e70l5p69"
  >
    <div>
      <label
        class="HvTypography-root HvTypography-label css-93trrd-getStyledComponent e1tnpalo0"
      >
        Title
      </label>
    </div>
    <div
      class="HvKpi-indicatorsContainer css-1a6w73h-StyledIndicatorsContainer e70l5p68"
    >
      <h1
        class="HvKpi-spacingToTheRight HvKpi-indicatorText e70l5p66 HvTypography-root HvTypography-title1 css-1agro9v-getStyledComponent-StyledIndicatorText e1tnpalo0"
      >
        Indicator
      </h1>
      <h2
        class="HvKpi-indicatorUnit e70l5p65 HvTypography-root HvTypography-title2 css-75jj3r-getStyledComponent-StyledIndicatorUnit e1tnpalo0"
      >
        Unit
      </h2>
    </div>
    <div
      class="HvKpi-comparisonComposition css-jr4b4k-StyledComparisonComposition e70l5p64"
    >
      <div>
        <div
          class="HvKpi-comparisonContainer css-1762388-StyledComparisonContainer e70l5p62"
        >
          <label
            class="HvKpi-comparisons HvKpi-spacingToTheRight e70l5p60 HvTypography-root HvTypography-label css-1fzhlyk-getStyledComponent-StyledInternalVisualComparisonTypography e1tnpalo0"
          >
            Visual comparison
          </label>
        </div>
        <div
          class="HvKpi-comparisonContainer css-1762388-StyledComparisonContainer e70l5p62"
        >
          <p
            class="HvKpi-comparisons HvTypography-root HvTypography-caption2 css-1s80glp-getStyledComponent e1tnpalo0"
          >
            Comparison indicator info
          </p>
        </div>
      </div>
    </div>
  </div>
</div>
`;
