// Vitest Snapshot v1

exports[`DotPagination > should render correctly 1`] = `
<div>
  <div
    class="HvDotPagination-root e1buriah3 HvRadioGroup-root css-w7urnl-StyledFormElement-StyledRadioGroup e1qvmihv2 HvFormElement-root"
  >
    <div
      class="HvRadioGroup-group HvDotPagination-horizontal HvRadioGroup-horizontal css-2e6w85-StyledGroup e1qvmihv0"
      role="navigation"
    >
      <div
        class="e1buriah2 HvRadio-root HvDotPagination-radioRoot css-esudyc-StyledHvFormElement-StyledRadio e11n8xyl2 HvFormElement-root"
      >
        <span
          class="MuiButtonBase-root MuiRadio-root MuiRadio-colorDefault PrivateSwitchBase-root MuiRadio-root MuiRadio-colorDefault Mui-checked MuiRadio-root MuiRadio-colorDefault HvRadio-radio HvDotPagination-radio e11n8xyl3 HvBaseRadio-root e1sbb5xr0 css-1t388db-MuiButtonBase-root-MuiRadio-root-StyledRadio-StyledHvBaseRadio"
        >
          <input
            aria-label="first page button aria-label"
            checked=""
            class="PrivateSwitchBase-input css-1m9pwf3"
            name="hvradiogroup9"
            type="radio"
            value="0"
          />
          <div
            class="HvDotPagination-icon css-10burq8-StyledCurrentStep e1buriah0 css-du18qm"
            font-size="medium"
            name="CurrentStep"
          >
            <svg
              focusable="false"
              height="8"
              viewBox="0 0 16 16"
              width="8"
              xmlns="http://www.w3.org/2000/svg"
            >
              <path
                class="color0"
                d="M16 8a8.024 8.024 0 0 1-8 8 8.023 8.023 0 0 1-8-8 8.023 8.023 0 0 1 8-8 8.024 8.024 0 0 1 8 8z"
                fill="var(--colors-acce1)"
              />
            </svg>
          </div>
        </span>
      </div>
      <div
        class="e1buriah2 HvRadio-root HvDotPagination-radioRoot css-esudyc-StyledHvFormElement-StyledRadio e11n8xyl2 HvFormElement-root"
      >
        <span
          class="MuiButtonBase-root MuiRadio-root MuiRadio-colorDefault PrivateSwitchBase-root MuiRadio-root MuiRadio-colorDefault MuiRadio-root MuiRadio-colorDefault HvRadio-radio HvDotPagination-radio e11n8xyl3 HvBaseRadio-root e1sbb5xr0 css-1t388db-MuiButtonBase-root-MuiRadio-root-StyledRadio-StyledHvBaseRadio"
        >
          <input
            aria-label="2 page aria-label"
            class="PrivateSwitchBase-input css-1m9pwf3"
            name="hvradiogroup9"
            type="radio"
            value="1"
          />
          <div
            class="HvDotPagination-icon css-1tb1fcm-StyledOtherStep e1buriah1 css-du18qm"
            font-size="medium"
            name="OtherStep"
          >
            <svg
              focusable="false"
              height="8"
              viewBox="0 0 16 16"
              width="8"
              xmlns="http://www.w3.org/2000/svg"
            >
              <path
                class="color0"
                d="M12 8a4.012 4.012 0 0 1-4 4 4.012 4.012 0 0 1-4-4 4.012 4.012 0 0 1 4-4 4.012 4.012 0 0 1 4 4z"
                fill="var(--colors-acce1)"
              />
            </svg>
          </div>
        </span>
      </div>
      <div
        class="e1buriah2 HvRadio-root HvDotPagination-radioRoot css-esudyc-StyledHvFormElement-StyledRadio e11n8xyl2 HvFormElement-root"
      >
        <span
          class="MuiButtonBase-root MuiRadio-root MuiRadio-colorDefault PrivateSwitchBase-root MuiRadio-root MuiRadio-colorDefault MuiRadio-root MuiRadio-colorDefault HvRadio-radio HvDotPagination-radio e11n8xyl3 HvBaseRadio-root e1sbb5xr0 css-1t388db-MuiButtonBase-root-MuiRadio-root-StyledRadio-StyledHvBaseRadio"
        >
          <input
            aria-label="last page button aria-label"
            class="PrivateSwitchBase-input css-1m9pwf3"
            name="hvradiogroup9"
            type="radio"
            value="2"
          />
          <div
            class="HvDotPagination-icon css-1tb1fcm-StyledOtherStep e1buriah1 css-du18qm"
            font-size="medium"
            name="OtherStep"
          >
            <svg
              focusable="false"
              height="8"
              viewBox="0 0 16 16"
              width="8"
              xmlns="http://www.w3.org/2000/svg"
            >
              <path
                class="color0"
                d="M12 8a4.012 4.012 0 0 1-4 4 4.012 4.012 0 0 1-4-4 4.012 4.012 0 0 1 4-4 4.012 4.012 0 0 1 4 4z"
                fill="var(--colors-acce1)"
              />
            </svg>
          </div>
        </span>
      </div>
    </div>
  </div>
</div>
`;
