// Jest Snapshot v1, https://goo.gl/fbAQLP

exports[`Asset Inventory  should render correctly 1`] = `
<JssProvider
  generateClassName={[Function]}
>
  <HvProvider
    changeTheme={[Function]}
    router={null}
    theme={null}
    uiKitTheme="dawn"
  >
    <WithStyles(AssetInventory)
      configuration={Array []}
      values={
        Array [
          Object {
            "birthday": "1900-01-01",
            "id": "1",
            "name": "AA",
            "number": 20,
          },
          Object {
            "birthday": "1950-01-01",
            "id": "2",
            "name": "HH",
            "number": 92,
          },
          Object {
            "birthday": "1923-01-01",
            "id": "3",
            "name": "ZZ",
            "number": 1,
          },
        ]
      }
    >
      <div
        id="id0"
      />
    </WithStyles(AssetInventory)>
  </HvProvider>
</JssProvider>
`;
