// Vitest Snapshot v1, https://vitest.dev/guide/snapshot.html

exports[`Dialog > should render all components correctly 1`] = `
<div
  aria-hidden="true"
/>
`;

exports[`Dialog > should render correctly 1`] = `
<div
  aria-hidden="true"
/>
`;
