// Jest Snapshot v1, https://goo.gl/fbAQLP

exports[`ErrorText should render correctly 1`] = `
<WithStyles(HvErrorText)
  errorTextStatus="valid"
  id="base"
  label="text"
>
  <HvErrorText
    classes={
      Object {
        "errorText": "HvErrorText-errorText",
        "errorTextDisabled": "HvErrorText-errorTextDisabled",
        "root": "HvErrorText-root",
        "showText": "HvErrorText-showText",
        "topGutter": "HvErrorText-topGutter",
      }
    }
    errorTextStatus="valid"
    id="base"
    label="text"
  >
    <WithStyles(ForwardRef)
      aria-atomic="true"
      aria-live="polite"
      aria-relevant="additions text"
      className="HvErrorText-errorText HvErrorText-topGutter"
      id="base"
      variant="infoText"
    >
      <ForwardRef
        aria-atomic="true"
        aria-live="polite"
        aria-relevant="additions text"
        className="HvErrorText-errorText HvErrorText-topGutter"
        classes={
          Object {
            "3xlTitle": "HvTypography-3xlTitle",
            "4xlTitle": "HvTypography-4xlTitle",
            "5xlTitle": "HvTypography-5xlTitle",
            "disabledButtonText": "HvTypography-disabledButtonText",
            "highlightText": "HvTypography-highlightText",
            "infoText": "HvTypography-infoText",
            "inlineLink": "HvTypography-inlineLink",
            "lTitle": "HvTypography-lTitle",
            "labelText": "HvTypography-labelText",
            "mTitle": "HvTypography-mTitle",
            "normalText": "HvTypography-normalText",
            "placeholderText": "HvTypography-placeholderText",
            "root": "HvTypography-root",
            "sLink": "HvTypography-sLink",
            "sText": "HvTypography-sText",
            "sTitle": "HvTypography-sTitle",
            "selectedNavText": "HvTypography-selectedNavText",
            "selectedText": "HvTypography-selectedText",
            "vizText": "HvTypography-vizText",
            "xlTitle": "HvTypography-xlTitle",
            "xsTitle": "HvTypography-xsTitle",
            "xxlTitle": "HvTypography-xxlTitle",
            "xxsTitle": "HvTypography-xxsTitle",
          }
        }
        id="base"
        variant="infoText"
      >
        <p
          aria-atomic="true"
          aria-live="polite"
          aria-relevant="additions text"
          className="HvErrorText-errorText HvErrorText-topGutter HvTypography-root HvTypography-infoText"
          id="base"
        >
          text
        </p>
      </ForwardRef>
    </WithStyles(ForwardRef)>
  </HvErrorText>
</WithStyles(HvErrorText)>
`;
