// Jest Snapshot v1, https://goo.gl/fbAQLP

exports[`ProgressBar General 1`] = `
<div>
  <div
    style="display: flex:; flex-direction: column;"
  >
    <div
      style="display: flex; flex-direction: column; justify-content: space-around; align-items: center; width: 400px; margin: 20px auto 40px auto;"
    >
      <p
        class="HvTypography-root HvTypography-highlightText"
        style="margin-bottom: 15px;"
      >
        Success Underterminate
      </p>
      <div
        style="width: 400px;"
      >
        <div
          aria-valuemax="100"
          aria-valuemin="0"
          aria-valuenow="0"
          class="HvProgressBar-root HvProgressBar-progress"
          role="progressbar"
          status="inProgress"
        >
          <div
            class="HvProgressBar-progressContainer"
          >
            <p
              aria-busy="false"
              aria-label="Underterminate Progress Bar"
              aria-live="polite"
              class="HvProgressBar-progressBarLabel HvProgressBar-progressBarLabelHidden HvTypography-root HvTypography-vizText"
              style="width: 0%;"
            >
              0%
            </p>
            <div
              class="HvProgressBar-progressBarContainer"
            >
              <div
                class="HvProgressBar-progressBar"
                style="width: 0%;"
              />
            </div>
          </div>
        </div>
        <div
          style="margin-top: 10px;"
        >
          <button
            class="MuiButtonBase-root MuiButton-root HvButton-root MuiButton-contained HvButton-primarySVG MuiButton-containedPrimary HvButton-primary"
            tabindex="0"
            type="button"
          >
            <span
              class="MuiButton-label"
            >
              Start
            </span>
          </button>
          <button
            class="MuiButtonBase-root MuiButton-root HvButton-root MuiButton-contained HvButton-primarySVG MuiButton-containedPrimary HvButton-primary"
            style="margin-left: 10px;"
            tabindex="0"
            type="button"
          >
            <span
              class="MuiButton-label"
            >
              Reset
            </span>
          </button>
        </div>
      </div>
    </div>
    <div
      style="display: flex; flex-direction: column; justify-content: space-around; align-items: center; width: 400px; margin: 20px auto 40px auto;"
    >
      <p
        class="HvTypography-root HvTypography-highlightText"
      >
        Success
      </p>
      <div
        style="width: 400px;"
      >
        <div
          aria-valuemax="100"
          aria-valuemin="0"
          aria-valuenow="0"
          class="HvProgressBar-root HvProgressBar-progress"
          role="progressbar"
          status="inProgress"
        >
          <div
            class="HvProgressBar-progressContainer"
          >
            <p
              aria-busy="false"
              aria-label="Determinate Progress Bar"
              aria-live="assertive"
              class="HvProgressBar-progressBarLabel HvTypography-root HvTypography-vizText"
              style="width: 0%;"
            >
              0%
            </p>
            <div
              class="HvProgressBar-progressBarContainer"
            >
              <div
                class="HvProgressBar-progressBar"
                style="width: 0%;"
              />
            </div>
          </div>
        </div>
        <div
          style="margin-top: 10px;"
        >
          <button
            class="MuiButtonBase-root MuiButton-root HvButton-root MuiButton-contained HvButton-primarySVG MuiButton-containedPrimary HvButton-primary"
            tabindex="0"
            type="button"
          >
            <span
              class="MuiButton-label"
            >
              Start
            </span>
          </button>
          <button
            class="MuiButtonBase-root MuiButton-root HvButton-root MuiButton-contained HvButton-primarySVG MuiButton-containedPrimary HvButton-primary"
            style="margin-left: 10px;"
            tabindex="0"
            type="button"
          >
            <span
              class="MuiButton-label"
            >
              Reset
            </span>
          </button>
        </div>
      </div>
    </div>
    <div
      style="display: flex; flex-direction: column; justify-content: space-around; align-items: center; width: 400px; margin: auto;"
    >
      <p
        class="HvTypography-root HvTypography-highlightText"
      >
        Error
      </p>
      <div
        style="width: 400px;"
      >
        <div
          aria-valuemax="100"
          aria-valuemin="0"
          aria-valuenow="0"
          class="HvProgressBar-root HvProgressBar-progress"
          role="progressbar"
          status="inProgress"
        >
          <div
            class="HvProgressBar-progressContainer"
          >
            <p
              aria-busy="false"
              aria-label="Determinate Progress Bar"
              class="HvProgressBar-progressBarLabel HvTypography-root HvTypography-vizText"
              style="width: 0%;"
            >
              0%
            </p>
            <div
              class="HvProgressBar-progressBarContainer"
            >
              <div
                class="HvProgressBar-progressBar"
                style="width: 0%;"
              />
            </div>
          </div>
        </div>
        <div
          style="margin-top: 10px;"
        >
          <button
            class="MuiButtonBase-root MuiButton-root HvButton-root MuiButton-contained HvButton-primarySVG MuiButton-containedPrimary HvButton-primary"
            tabindex="0"
            type="button"
          >
            <span
              class="MuiButton-label"
            >
              Start
            </span>
          </button>
          <button
            class="MuiButtonBase-root MuiButton-root HvButton-root MuiButton-contained HvButton-primarySVG MuiButton-containedPrimary HvButton-primary"
            style="margin-left: 10px;"
            tabindex="0"
            type="button"
          >
            <span
              class="MuiButton-label"
            >
              Reset
            </span>
          </button>
        </div>
      </div>
    </div>
  </div>
</div>
`;
