// Jest Snapshot v1, https://goo.gl/fbAQLP

exports[`HvTags sample snapshot testing Default 1`] = `
<div>
  <div
    category="informational"
    class="HvTag-root category"
    id="Tag1"
    role="button"
  >
    <span
      class="HvTag-label"
    >
      Hello
    </span>
  </div>
  <div
    category="informational"
    class="HvTag-root category"
    id="Tag2"
    role="button"
  >
    <span
      class="HvTag-label"
    >
      How
    </span>
    <div
      class="HvTag-deleteIcon HvIconBase-root HvIconBase-s"
      name="Close"
    >
      <svg
        focusable="false"
        height="16"
        viewBox="0 0 16 16"
        width="16"
        xmlns="http://www.w3.org/2000/svg"
      >
        <path
          class="color0"
          d="M8.7 8l5.3 5.3-.7.7L8 8.7 2.7 14l-.7-.7L7.3 8 2 2.7l.7-.7L8 7.3 13.3 2l.7.7z"
          fill="#999999"
        />
      </svg>
    </div>
  </div>
  <div
    category="informational"
    class="HvTag-root category HvTag-round"
    id="Tag3"
    role="button"
  >
    <span
      class="HvTag-label"
    >
      Are
    </span>
  </div>
  <div
    category="informational"
    class="HvTag-root category HvTag-round"
    id="Tag4"
    role="button"
  >
    <span
      class="HvTag-label"
    >
      You
    </span>
    <div
      class="HvTag-deleteIcon HvIconBase-root HvIconBase-s"
      name="Close"
    >
      <svg
        focusable="false"
        height="16"
        viewBox="0 0 16 16"
        width="16"
        xmlns="http://www.w3.org/2000/svg"
      >
        <path
          class="color0"
          d="M8.7 8l5.3 5.3-.7.7L8 8.7 2.7 14l-.7-.7L7.3 8 2 2.7l.7-.7L8 7.3 13.3 2l.7.7z"
          fill="#999999"
        />
      </svg>
    </div>
  </div>
</div>
`;
