// Jest Snapshot v1, https://goo.gl/fbAQLP

exports[`TextArea Component should render correctly if opened 1`] = `
<Fragment>
  <WithStyles(HvInput)
    className=""
    classes={
      Object {
        "container": undefined,
        "input": undefined,
      }
    }
    disabled={false}
    iconVisible={false}
    initialValue="test"
    labels={
      Object {
        "inputLabel": "",
        "maxCharQuantityWarningText": "",
        "minCharQuantityWarningText": "",
        "placeholder": "",
        "requiredWarningText": "",
        "warningText": "",
      }
    }
    multiline={true}
    onChange={[Function]}
    rows={4}
    validate={false}
  />
</Fragment>
`;

exports[`TextArea withStyles should render correctly 1`] = `
<MuiThemeProviderOld
  sheetsManager={Map {}}
  theme={
    Object {
      "breakpoints": Object {
        "between": [Function],
        "down": [Function],
        "keys": Array [
          "xs",
          "sm",
          "md",
          "lg",
          "xl",
        ],
        "only": [Function],
        "up": [Function],
        "values": Object {
          "lg": 1270,
          "md": 960,
          "sm": 600,
          "xl": 1920,
          "xs": 0,
        },
        "width": [Function],
      },
      "direction": "ltr",
      "hv": Object {
        "deprecated": Object {
          "palette": Object {
            "accent": Object {},
            "atmosphere": Object {},
            "semantic": Object {},
            "support": Object {},
          },
          "typography": Object {
            "disabledText": Object {},
          },
          "viz": Object {
            "palette": Object {
              "categorical": Object {},
              "polarizes": Object {},
              "sequential": Object {},
              "undefinedState": Object {},
            },
          },
        },
        "name": "dawn",
        "palette": Object {
          "accent": Object {
            "acce0": "#FFFFFF",
            "acce1": "#414141",
            "acce2": "#146BD2",
            "acce2h": "#4389DB",
            "acce3": "#CC0000",
          },
          "atmosphere": Object {
            "atmo1": "#FFFFFF",
            "atmo2": "#F9F9F9",
            "atmo3": "#F5F5F5",
            "atmo4": "#F0F0F0",
            "atmo5": "#DEDEDE",
            "atmo6": "#BCBCBC",
            "atmo7": "#999999",
          },
          "semantic": Object {
            "sema1": "#63A621",
            "sema10": "#EF9A9A",
            "sema11": "#E57373",
            "sema12": "#EF5350",
            "sema13": "#E53935",
            "sema14": "#C62828",
            "sema15": "#80DEEA",
            "sema16": "#4DD0E1",
            "sema17": "#26C6DA",
            "sema18": "#00ACC1",
            "sema19": "#00838F",
            "sema2": "#72CCCB",
            "sema3": "#E68C17",
            "sema4": "#FF5252",
            "sema5": "#C51162",
            "sema6": "#AA00FF",
            "sema7": "#D3E3F6",
            "sema8": "#DFECD1",
            "sema9": "#F5D8D8",
          },
          "support": Object {
            "supp1": "#0F8B8D",
            "supp2": "#734B6D",
            "supp3": "#4E7599",
            "supp4": "#C19C31",
            "supp5": "#546B6B",
          },
        },
        "spacing": Object {
          "lg": "60",
          "md": "30",
          "sm": "20",
          "xl": "90",
          "xs": "10",
        },
        "type": "light",
        "typography": Object {
          "3xlTitle": Object {
            "color": "#414141",
            "fontSize": "42px",
            "fontWeight": "600",
            "letterSpacing": "0.02em",
            "lineHeight": "52px",
          },
          "4xlTitle": Object {
            "color": "#414141",
            "fontSize": "52px",
            "fontWeight": "400",
            "letterSpacing": "0.02em",
            "lineHeight": "60px",
          },
          "5xlTitle": Object {
            "color": "#414141",
            "fontSize": "52px",
            "fontWeight": "600",
            "letterSpacing": "0.02em",
            "lineHeight": "60px",
          },
          "disabledButtonText": Object {
            "color": "#999999",
            "fontSize": "14px",
            "fontWeight": "600",
            "letterSpacing": "0.02em",
            "lineHeight": "20px",
          },
          "disabledText": Object {
            "color": "#999999",
            "fontSize": "12px",
            "fontWeight": "400",
            "letterSpacing": "0.02em",
            "lineHeight": "16px",
          },
          "fontFamily": Array [
            "'Open Sans'",
            "Arial",
            "Helvetica",
            "sans-serif",
          ],
          "highlightText": Object {
            "color": "#414141",
            "fontSize": "14px",
            "fontWeight": "600",
            "letterSpacing": "0.02em",
            "lineHeight": "20px",
          },
          "infoText": Object {
            "color": "#999999",
            "fontSize": "12px",
            "fontWeight": "400",
            "letterSpacing": "0.02em",
            "lineHeight": "16px",
          },
          "inlineLink": Object {
            "color": "#146BD2",
            "fontSize": "14px",
            "fontWeight": "600",
            "letterSpacing": "0.02em",
            "lineHeight": "20px",
          },
          "lTitle": Object {
            "color": "#414141",
            "fontSize": "32px",
            "fontWeight": "400",
            "letterSpacing": "0.02em",
            "lineHeight": "40px",
          },
          "labelText": Object {
            "color": "#414141",
            "fontSize": "12px",
            "fontWeight": "600",
            "letterSpacing": "0.02em",
            "lineHeight": "16px",
          },
          "mTitle": Object {
            "color": "#414141",
            "fontSize": "22px",
            "fontWeight": "600",
            "letterSpacing": "0.02em",
            "lineHeight": "30px",
          },
          "normalText": Object {
            "color": "#414141",
            "fontSize": "14px",
            "fontWeight": "400",
            "letterSpacing": "0.02em",
            "lineHeight": "20px",
          },
          "placeholderText": Object {
            "color": "#999999",
            "fontSize": "14px",
            "fontWeight": "400",
            "letterSpacing": "0.02em",
            "lineHeight": "20px",
          },
          "sLink": Object {
            "color": "#146BD2",
            "fontSize": "12px",
            "fontWeight": "400",
            "letterSpacing": "0.02em",
            "lineHeight": "16px",
          },
          "sText": Object {
            "color": "#414141",
            "fontSize": "12px",
            "fontWeight": "400",
            "letterSpacing": "0.02em",
            "lineHeight": "16px",
          },
          "sTitle": Object {
            "color": "#414141",
            "fontSize": "22px",
            "fontWeight": "400",
            "letterSpacing": "0.02em",
            "lineHeight": "30px",
          },
          "selectedNavText": Object {
            "color": "#CC0000",
            "fontSize": "14px",
            "fontWeight": "600",
            "letterSpacing": "0.02em",
            "lineHeight": "20px",
          },
          "selectedText": Object {
            "background": "#414141",
            "color": "#F9F9F9",
            "fontSize": "14px",
            "fontWeight": "600",
            "letterSpacing": "0.02em",
            "lineHeight": "20px",
          },
          "vizText": Object {
            "color": "#414141",
            "fontSize": "10px",
            "fontWeight": "400",
            "letterSpacing": "0.02em",
            "lineHeight": "15px",
          },
          "xlTitle": Object {
            "color": "#414141",
            "fontSize": "32px",
            "fontWeight": "600",
            "letterSpacing": "0.02em",
            "lineHeight": "40px",
          },
          "xsTitle": Object {
            "color": "#414141",
            "fontSize": "18px",
            "fontWeight": "600",
            "letterSpacing": "0.02em",
            "lineHeight": "28px",
          },
          "xxlTitle": Object {
            "color": "#414141",
            "fontSize": "42px",
            "fontWeight": "400",
            "letterSpacing": "0.02em",
            "lineHeight": "52px",
          },
          "xxsTitle": Object {
            "color": "#414141",
            "fontSize": "18px",
            "fontWeight": "400",
            "letterSpacing": "0.02em",
            "lineHeight": "28px",
          },
        },
        "viz": Object {
          "palette": Object {
            "categorical": Object {
              "cviz1": "#2DB3E0",
              "cviz10": "#419393",
              "cviz11": "#58C9DD",
              "cviz12": "#F8C189",
              "cviz13": "#528BBF",
              "cviz14": "#DE64BD",
              "cviz15": "#73BF9C",
              "cviz16": "#9672C1",
              "cviz17": "#EB95AF",
              "cviz18": "#646A98",
              "cviz19": "#D88136",
              "cviz2": "#FF990D",
              "cviz20": "#309B59",
              "cviz3": "#D31F6B",
              "cviz4": "#FFD00A",
              "cviz5": "#18C38A",
              "cviz6": "#098CB2",
              "cviz7": "#EA5B86",
              "cviz8": "#9B469B",
              "cviz9": "#F4763D",
            },
            "polarizes": Object {
              "cviz21": "#869F1E",
              "cviz22": "#A4991C",
              "cviz23": "#C4931A",
              "cviz24": "#E68C17",
              "cviz25": "#F27034",
              "cviz26": "#FF5252",
              "cviz27": "#EC3D57",
              "cviz28": "#D8265D",
              "sema1": "#63A621",
              "sema5": "#C51162",
            },
            "sequential": Object {
              "cviz1": "#2DB3E0",
              "cviz1_100": "#E3F1F6",
              "cviz1_200": "#CFEAF3",
              "cviz1_300": "#BAE3F3",
              "cviz1_400": "#A6DCEE",
              "cviz1_500": "#92D5EC",
              "cviz1_600": "#7ECEE9",
              "cviz1_700": "#69C7E7",
              "cviz1_800": "#55C0E4",
              "cviz1_900": "#40B9E2",
            },
            "undefinedState": Object {
              "atmo5": "#DEDEDE",
            },
          },
        },
      },
      "mixins": Object {
        "gutters": [Function],
        "toolbar": Object {
          "@media (min-width:0px) and (orientation: landscape)": Object {
            "minHeight": 48,
          },
          "@media (min-width:600px)": Object {
            "minHeight": 64,
          },
          "minHeight": 56,
        },
      },
      "overrides": Object {
        "MuiAppBar": Object {
          "colorDefault": Object {
            "backgroundColor": "#FFFFFF",
            "contrastText": "#414141",
          },
          "root": Object {
            "@media (min-width: 600px)": Object {
              "height": "50px",
            },
            "borderTop": "4px solid #CC0000",
          },
        },
        "MuiToolbar": Object {
          "dense": Object {
            "minHeight": "46px",
          },
          "gutters": Object {
            "@media (min-width:600px)": Object {
              "paddingLeft": "20px",
              "paddingRight": "20px",
            },
            "paddingLeft": "20px",
            "paddingRight": "20px",
          },
          "root": Object {
            "@media (min-width: 600px)": Object {
              "minHeight": "46px",
            },
            "alignItems": "center",
          },
        },
      },
      "palette": Object {
        "action": Object {
          "active": "rgba(0, 0, 0, 0.54)",
          "disabled": "rgba(0, 0, 0, 0.26)",
          "disabledBackground": "rgba(0, 0, 0, 0.12)",
          "hover": "rgba(0, 0, 0, 0.08)",
          "hoverOpacity": 0.08,
          "selected": "rgba(0, 0, 0, 0.14)",
        },
        "augmentColor": [Function],
        "background": Object {
          "default": "#F9F9F9",
          "paper": "#fff",
        },
        "common": Object {
          "black": "#000",
          "white": "#fff",
        },
        "contrastThreshold": 3,
        "divider": "rgba(0, 0, 0, 0.12)",
        "error": Object {
          "contrastText": "#fff",
          "dark": "#d32f2f",
          "light": "#e57373",
          "main": "#f44336",
        },
        "getContrastText": [Function],
        "grey": Object {
          "100": "#f5f5f5",
          "200": "#eeeeee",
          "300": "#e0e0e0",
          "400": "#bdbdbd",
          "50": "#fafafa",
          "500": "#9e9e9e",
          "600": "#757575",
          "700": "#616161",
          "800": "#424242",
          "900": "#212121",
          "A100": "#d5d5d5",
          "A200": "#aaaaaa",
          "A400": "#303030",
          "A700": "#616161",
        },
        "primary": Object {
          "contrastText": "#fff",
          "dark": "rgb(14, 74, 147)",
          "light": "#4389DB",
          "main": "#146BD2",
        },
        "secondary": Object {
          "contrastText": "#fff",
          "dark": "rgb(45, 45, 45)",
          "light": "#999999",
          "main": "#414141",
        },
        "text": Object {
          "disabled": "#999999",
          "hint": "rgba(0, 0, 0, 0.38)",
          "primary": "#414141",
          "secondary": "rgba(0, 0, 0, 0.54)",
        },
        "tonalOffset": 0.2,
        "type": "light",
      },
      "props": Object {
        "MuiButtonBase": Object {
          "disableRipple": true,
        },
        "MuiInput": Object {
          "disableUnderline": true,
        },
      },
      "shadows": Array [
        "none",
        "none",
        "none",
        "none",
        "none",
        "none",
        "none",
        "none",
        "none",
        "none",
        "none",
        "none",
        "none",
        "none",
        "none",
        "none",
        "none",
        "none",
        "none",
        "none",
        "none",
        "none",
        "none",
        "none",
        "none",
      ],
      "shape": Object {
        "borderRadius": 0,
      },
      "spacing": Object {
        "lg": "60",
        "md": "30",
        "sm": "20",
        "unit": 8,
        "xl": "90",
        "xs": "10",
      },
      "transitions": Object {
        "create": [Function],
        "duration": Object {
          "complex": 375,
          "enteringScreen": 225,
          "leavingScreen": 195,
          "short": 250,
          "shorter": 200,
          "shortest": 150,
          "standard": 300,
        },
        "easing": Object {
          "easeIn": "cubic-bezier(0.4, 0, 1, 1)",
          "easeInOut": "cubic-bezier(0.4, 0, 0.2, 1)",
          "easeOut": "cubic-bezier(0.0, 0, 0.2, 1)",
          "sharp": "cubic-bezier(0.4, 0, 0.6, 1)",
        },
        "getAutoHeightDuration": [Function],
      },
      "typography": Object {
        "body1": Object {
          "color": "#414141",
          "fontFamily": Array [
            "'Open Sans'",
            "Arial",
            "Helvetica",
            "sans-serif",
            "'Open Sans'",
            "Arial",
            "Helvetica",
            "sans-serif",
          ],
          "fontSize": "14px",
          "fontWeight": "400",
          "letterSpacing": "0.02em",
          "lineHeight": "20px",
        },
        "body1Next": Object {
          "color": "#414141",
          "fontFamily": Array [
            "'Open Sans'",
            "Arial",
            "Helvetica",
            "sans-serif",
            "'Open Sans'",
            "Arial",
            "Helvetica",
            "sans-serif",
          ],
          "fontSize": "1rem",
          "fontWeight": 400,
          "lineHeight": 1.5,
        },
        "body2": Object {
          "color": "#999999",
          "fontFamily": Array [
            "'Open Sans'",
            "Arial",
            "Helvetica",
            "sans-serif",
            "'Open Sans'",
            "Arial",
            "Helvetica",
            "sans-serif",
          ],
          "fontSize": "12px",
          "fontWeight": "400",
          "letterSpacing": "0.02em",
          "lineHeight": "16px",
        },
        "body2Next": Object {
          "color": "#414141",
          "fontFamily": Array [
            "'Open Sans'",
            "Arial",
            "Helvetica",
            "sans-serif",
            "'Open Sans'",
            "Arial",
            "Helvetica",
            "sans-serif",
          ],
          "fontSize": "0.875rem",
          "fontWeight": 400,
          "lineHeight": 1.5,
        },
        "button": Object {
          "color": "#414141",
          "fontFamily": Array [
            "'Open Sans'",
            "Arial",
            "Helvetica",
            "sans-serif",
            "'Open Sans'",
            "Arial",
            "Helvetica",
            "sans-serif",
          ],
          "fontSize": "14px",
          "fontWeight": "600",
          "letterSpacing": "0.02em",
          "lineHeight": "20px",
          "textTransform": "uppercase",
        },
        "buttonNext": Object {
          "color": "#414141",
          "fontFamily": Array [
            "'Open Sans'",
            "Arial",
            "Helvetica",
            "sans-serif",
            "'Open Sans'",
            "Arial",
            "Helvetica",
            "sans-serif",
          ],
          "fontSize": "0.875rem",
          "fontWeight": 500,
          "lineHeight": 1.75,
          "textTransform": "uppercase",
        },
        "caption": Object {
          "color": "#414141",
          "fontFamily": Array [
            "'Open Sans'",
            "Arial",
            "Helvetica",
            "sans-serif",
            "'Open Sans'",
            "Arial",
            "Helvetica",
            "sans-serif",
          ],
          "fontSize": "0.75rem",
          "fontWeight": 400,
          "lineHeight": 1.66,
        },
        "captionNext": Object {
          "color": "#414141",
          "fontFamily": Array [
            "'Open Sans'",
            "Arial",
            "Helvetica",
            "sans-serif",
            "'Open Sans'",
            "Arial",
            "Helvetica",
            "sans-serif",
          ],
          "fontSize": "0.75rem",
          "fontWeight": 400,
          "lineHeight": 1.66,
        },
        "display1": Object {
          "color": "rgba(0, 0, 0, 0.54)",
          "fontFamily": Array [
            "'Open Sans'",
            "Arial",
            "Helvetica",
            "sans-serif",
            "'Open Sans'",
            "Arial",
            "Helvetica",
            "sans-serif",
          ],
          "fontSize": "2.125rem",
          "fontWeight": 400,
          "lineHeight": "1.20588em",
        },
        "display2": Object {
          "color": "rgba(0, 0, 0, 0.54)",
          "fontFamily": Array [
            "'Open Sans'",
            "Arial",
            "Helvetica",
            "sans-serif",
            "'Open Sans'",
            "Arial",
            "Helvetica",
            "sans-serif",
          ],
          "fontSize": "2.8125rem",
          "fontWeight": 400,
          "lineHeight": "1.13333em",
          "marginLeft": "-.02em",
        },
        "display3": Object {
          "color": "rgba(0, 0, 0, 0.54)",
          "fontFamily": Array [
            "'Open Sans'",
            "Arial",
            "Helvetica",
            "sans-serif",
            "'Open Sans'",
            "Arial",
            "Helvetica",
            "sans-serif",
          ],
          "fontSize": "3.5rem",
          "fontWeight": 400,
          "letterSpacing": "-.02em",
          "lineHeight": "1.30357em",
          "marginLeft": "-.02em",
        },
        "display4": Object {
          "color": "rgba(0, 0, 0, 0.54)",
          "fontFamily": Array [
            "'Open Sans'",
            "Arial",
            "Helvetica",
            "sans-serif",
            "'Open Sans'",
            "Arial",
            "Helvetica",
            "sans-serif",
          ],
          "fontSize": "7rem",
          "fontWeight": 300,
          "letterSpacing": "-.04em",
          "lineHeight": "1.14286em",
          "marginLeft": "-.04em",
        },
        "fontFamily": Array [
          "'Open Sans'",
          "Arial",
          "Helvetica",
          "sans-serif",
        ],
        "fontSize": 14,
        "fontWeightLight": 300,
        "fontWeightMedium": 500,
        "fontWeightRegular": 400,
        "h1": Object {
          "color": "#414141",
          "fontFamily": Array [
            "'Open Sans'",
            "Arial",
            "Helvetica",
            "sans-serif",
            "'Open Sans'",
            "Arial",
            "Helvetica",
            "sans-serif",
          ],
          "fontSize": "32px",
          "fontWeight": "600",
          "letterSpacing": "0.02em",
          "lineHeight": "40px",
        },
        "h2": Object {
          "color": "#414141",
          "fontFamily": Array [
            "'Open Sans'",
            "Arial",
            "Helvetica",
            "sans-serif",
            "'Open Sans'",
            "Arial",
            "Helvetica",
            "sans-serif",
          ],
          "fontSize": "32px",
          "fontWeight": "400",
          "letterSpacing": "0.02em",
          "lineHeight": "40px",
        },
        "h3": Object {
          "color": "#414141",
          "fontFamily": Array [
            "'Open Sans'",
            "Arial",
            "Helvetica",
            "sans-serif",
            "'Open Sans'",
            "Arial",
            "Helvetica",
            "sans-serif",
          ],
          "fontSize": "22px",
          "fontWeight": "600",
          "letterSpacing": "0.02em",
          "lineHeight": "30px",
        },
        "h4": Object {
          "color": "#414141",
          "fontFamily": Array [
            "'Open Sans'",
            "Arial",
            "Helvetica",
            "sans-serif",
            "'Open Sans'",
            "Arial",
            "Helvetica",
            "sans-serif",
          ],
          "fontSize": "22px",
          "fontWeight": "400",
          "letterSpacing": "0.02em",
          "lineHeight": "30px",
        },
        "h5": Object {
          "color": "#414141",
          "fontFamily": Array [
            "'Open Sans'",
            "Arial",
            "Helvetica",
            "sans-serif",
            "'Open Sans'",
            "Arial",
            "Helvetica",
            "sans-serif",
          ],
          "fontSize": "1.5rem",
          "fontWeight": 400,
          "lineHeight": 1.33,
        },
        "h6": Object {
          "color": "#414141",
          "fontFamily": Array [
            "'Open Sans'",
            "Arial",
            "Helvetica",
            "sans-serif",
            "'Open Sans'",
            "Arial",
            "Helvetica",
            "sans-serif",
          ],
          "fontSize": "1.25rem",
          "fontWeight": 500,
          "lineHeight": 1.6,
        },
        "headline": Object {
          "color": "#414141",
          "fontFamily": Array [
            "'Open Sans'",
            "Arial",
            "Helvetica",
            "sans-serif",
            "'Open Sans'",
            "Arial",
            "Helvetica",
            "sans-serif",
          ],
          "fontSize": "1.5rem",
          "fontWeight": 400,
          "lineHeight": "1.35417em",
        },
        "overline": Object {
          "color": "#414141",
          "fontFamily": Array [
            "'Open Sans'",
            "Arial",
            "Helvetica",
            "sans-serif",
            "'Open Sans'",
            "Arial",
            "Helvetica",
            "sans-serif",
          ],
          "fontSize": "0.75rem",
          "fontWeight": 400,
          "lineHeight": 2.66,
          "textTransform": "uppercase",
        },
        "pxToRem": [Function],
        "round": [Function],
        "subheading": Object {
          "color": "#414141",
          "fontFamily": Array [
            "'Open Sans'",
            "Arial",
            "Helvetica",
            "sans-serif",
            "'Open Sans'",
            "Arial",
            "Helvetica",
            "sans-serif",
          ],
          "fontSize": "1rem",
          "fontWeight": 400,
          "lineHeight": "1.5em",
        },
        "subtitle1": Object {
          "color": "#414141",
          "fontFamily": Array [
            "'Open Sans'",
            "Arial",
            "Helvetica",
            "sans-serif",
            "'Open Sans'",
            "Arial",
            "Helvetica",
            "sans-serif",
          ],
          "fontSize": "14px",
          "fontWeight": "600",
          "letterSpacing": "0.02em",
          "lineHeight": "20px",
        },
        "subtitle2": Object {
          "color": "#414141",
          "fontFamily": Array [
            "'Open Sans'",
            "Arial",
            "Helvetica",
            "sans-serif",
            "'Open Sans'",
            "Arial",
            "Helvetica",
            "sans-serif",
          ],
          "fontSize": "12px",
          "fontWeight": "600",
          "letterSpacing": "0.02em",
          "lineHeight": "16px",
        },
        "suppressDeprecationWarnings": true,
        "title": Object {
          "color": "#414141",
          "fontFamily": Array [
            "'Open Sans'",
            "Arial",
            "Helvetica",
            "sans-serif",
            "'Open Sans'",
            "Arial",
            "Helvetica",
            "sans-serif",
          ],
          "fontSize": "1.3125rem",
          "fontWeight": 500,
          "lineHeight": "1.16667em",
        },
        "useNextVariants": true,
      },
      "zIndex": Object {
        "appBar": 1100,
        "drawer": 1200,
        "mobileStepper": 1000,
        "modal": 1300,
        "snackbar": 1400,
        "tooltip": 1500,
      },
    }
  }
>
  <WithStyles(CssBaseline) />
  <ContextProvider
    value={
      Object {
        "changeTheme": [Function],
        "router": null,
      }
    }
  >
    <WithStyles(HvTextArea) />
  </ContextProvider>
</MuiThemeProviderOld>
`;
