// Jest Snapshot v1, https://goo.gl/fbAQLP

exports[`Notification Panel sample snapshot testing Main 1`] = `
<div>
  <div
    style="width: 100%;"
  >
    <header
      class="MuiPaper-root MuiPaper-elevation MuiPaper-elevation4 MuiAppBar-root HvHeader-root MuiAppBar-colorPrimary HvHeader-backgroundColor MuiAppBar-positionRelative css-1j4xqc3-MuiPaper-root-MuiAppBar-root"
    >
      <div
        class="HvHeader-header"
      >
        <nav
          class="HvHeaderNavigation-root"
        >
          <div
            class="HvHeaderMenuBar-root HvHeaderMenuBar-menubar"
          >
            <ul
              class="HvHeaderMenuBar-list"
            >
              <li
                class="HvHeaderMenuItem-root HvHeaderMenuItem-notSelectedItem"
              >
                <div
                  class="HvHeaderMenuItem-button"
                  role="button"
                  tabindex="0"
                >
                  <p
                    class="HvTypography-root HvTypography-normalText"
                  >
                    Overview
                  </p>
                </div>
              </li>
              <li
                class="HvHeaderMenuItem-root HvHeaderMenuItem-notSelectedItem"
              >
                <div
                  class="HvHeaderMenuItem-button"
                  role="button"
                  tabindex="0"
                >
                  <p
                    class="HvTypography-root HvTypography-normalText"
                  >
                    Events
                  </p>
                </div>
              </li>
              <li
                class="HvHeaderMenuItem-root HvHeaderMenuItem-notSelectedItem"
              >
                <div
                  class="HvHeaderMenuItem-button"
                  role="button"
                  tabindex="0"
                >
                  <p
                    class="HvTypography-root HvTypography-normalText"
                  >
                    Asset
                  </p>
                </div>
              </li>
            </ul>
          </div>
        </nav>
        <div
          class="HvHeaderActions-root"
        >
          <button
            aria-label="Open Notifications panel"
            class="MuiButtonBase-root MuiButton-root HvButton-root MuiButton-text MuiButton-textPrimary HvButton-ghost MuiButton-sizeMedium MuiButton-textSizeMedium makeStyles-panelOpen-1 HvButton-icon HvButton-ghostSVG css-fsero8-MuiButtonBase-root-MuiButton-root"
            tabindex="0"
            type="button"
          >
            <div
              class="HvBadge-root"
            >
              <div
                class="HvIconBase-root HvIconBase-s"
                name="Alert"
              >
                <svg
                  focusable="false"
                  height="16"
                  viewBox="0 0 16 16"
                  width="16"
                  xmlns="http://www.w3.org/2000/svg"
                >
                  <path
                    class="color0"
                    d="M14 12V8a5.884 5.884 0 00-4-5.666V2a2 2 0 00-4 0v.334A5.884 5.884 0 002 8v4H0v1h6v1a2 2 0 004 0v-1h6v-1zM7 2a1 1 0 012 0v.086a5.85679 5.85679 0 00-2 0zm2 12a1 1 0 01-2 0v-1h2zm-6-2V8a5 5 0 0110 0v4z"
                    fill="#414141"
                  />
                </svg>
              </div>
              <div
                class="HvBadge-badgeContainer"
              >
                <div
                  class="HvBadge-badge HvBadge-badgeIcon"
                />
              </div>
            </div>
          </button>
          <button
            aria-label="Open User panel"
            class="MuiButtonBase-root MuiButton-root HvButton-root MuiButton-text MuiButton-textPrimary HvButton-ghost MuiButton-sizeMedium MuiButton-textSizeMedium HvButton-icon HvButton-ghostSVG css-fsero8-MuiButtonBase-root-MuiButton-root"
            tabindex="0"
            type="button"
          >
            <div
              class="HvIconBase-root HvIconBase-s"
              name="User"
            >
              <svg
                focusable="false"
                height="16"
                viewBox="0 0 16 16"
                width="16"
                xmlns="http://www.w3.org/2000/svg"
              >
                <path
                  class="color0"
                  d="M9.6 8.7A4.49656 4.49656 0 008.03809 0Q8.019-.00007 8 0a4.481 4.481 0 00-4.5 4.46194q-.00009.019 0 .03808A4.563 4.563 0 006.4 8.7 7.687 7.687 0 00.5 16h1a6.487 6.487 0 016.474-6.5H8a6.487 6.487 0 016.5 6.474V16h1a7.493 7.493 0 00-5.9-7.3zM4.5 4.5A3.543 3.543 0 018 1a3.543 3.543 0 013.5 3.5A3.543 3.543 0 018 8a3.543 3.543 0 01-3.5-3.5z"
                  fill="#414141"
                />
              </svg>
            </div>
          </button>
        </div>
      </div>
    </header>
    <div
      class="HvNotificationPanel-root HvNotificationPanel-open HvPanel-root MuiBox-root css-0"
      style="right: 30px; height: calc(100% - 130px);"
    >
      <div
        class="HvNotificationPanel-panel"
      >
        <div
          class="HvNotificationPanelNotification-root"
          role="button"
          tabindex="0"
        >
          <div
            class="HvNotificationPanelNotification-notificationWrapper HvNotificationPanelNotification-clickable"
          >
            <div
              class="HvNotificationPanelNotification-iconContainer"
            >
              <div
                class="HvIconBase-root HvIconBase-s"
                name="Level5"
              >
                <svg
                  focusable="false"
                  height="24"
                  viewBox="0 0 24 24"
                  width="24"
                  xmlns="http://www.w3.org/2000/svg"
                >
                  <path
                    class="color0"
                    d="M12 0A12 12 0 110 12 12 12 0 0112 0z"
                    fill="#C62828"
                  />
                  <path
                    class="color1"
                    d="M10.88 15.81h2.25v2.25h-2.25zm0-9.87h2.25v8h-2.25zm4 9.87h2.25v2.25h-2.25zm0-9.87h2.25v8h-2.25zm-8 9.87h2.25v2.25H6.88zm0-9.87h2.25v8H6.88z"
                    fill="#F0F0F0"
                  />
                </svg>
              </div>
            </div>
            <div>
              <div
                class=""
                data-mui-internal-clone-element="true"
              >
                <div
                  class="HvNotificationPanelNotification-messageContainer"
                >
                  <p
                    class="HvTypography-root HvTypography-highlightText"
                  >
                    Cabin door knob malfunction. Super long test title, to test line break behavior.
                  </p>
                </div>
              </div>
              <div
                class="HvNotificationPanelNotification-timeContainer"
              >
                <div
                  class="HvNotificationPanelNotification-bullet"
                />
                <div>
                  a few seconds ago
                </div>
              </div>
            </div>
          </div>
          <div
            class="HvNotificationPanelNotification-notificationActionWrapper"
          >
            <div
              class="HvBaseDropdown-root HvDropDownMenu-root"
            >
              <div
                aria-expanded="false"
                aria-haspopup="menu"
                class="HvDropDownMenu-container HvBaseDropdown-anchor"
                id="drop-down-menu-1"
                tabindex="-1"
              >
                <button
                  aria-expanded="false"
                  aria-label="Dropdown menu"
                  class="MuiButtonBase-root MuiButton-root HvButton-root MuiButton-text MuiButton-textPrimary HvButton-ghost MuiButton-sizeMedium MuiButton-textSizeMedium HvDropDownMenu-icon HvButton-icon HvButton-ghostSVG css-fsero8-MuiButtonBase-root-MuiButton-root"
                  id="drop-down-menu-1-icon-button"
                  tabindex="0"
                  type="button"
                >
                  <div
                    class="HvIconBase-root HvIconBase-s"
                    name="MoreOptionsVertical"
                  >
                    <svg
                      focusable="false"
                      height="16"
                      viewBox="0 0 16 16"
                      width="16"
                      xmlns="http://www.w3.org/2000/svg"
                    >
                      <path
                        class="color0"
                        d="M7 6.9h2v2H7zM7 4h2V2H7zm0 10h2v-2H7z"
                        fill="#414141"
                      />
                    </svg>
                  </div>
                </button>
              </div>
            </div>
          </div>
        </div>
        <div
          class="HvNotificationPanelNotification-root"
          role="button"
          tabindex="0"
        >
          <div
            class="HvNotificationPanelNotification-notificationWrapper HvNotificationPanelNotification-clickable"
          >
            <div
              class="HvNotificationPanelNotification-iconContainer"
            />
            <div>
              <div
                class=""
                data-mui-internal-clone-element="true"
              >
                <div
                  class="HvNotificationPanelNotification-messageContainer"
                >
                  <p
                    class="HvTypography-root HvTypography-highlightText"
                  >
                    Cabin door knob malfunction to second line
                  </p>
                </div>
              </div>
              <div
                class="HvNotificationPanelNotification-timeContainer"
              >
                <div
                  class="HvNotificationPanelNotification-bullet"
                />
                <div>
                  a few seconds ago
                </div>
              </div>
            </div>
          </div>
          <div
            class="HvNotificationPanelNotification-notificationActionWrapper"
          >
            <div
              class="HvBaseDropdown-root HvDropDownMenu-root"
            >
              <div
                aria-expanded="false"
                aria-haspopup="menu"
                class="HvDropDownMenu-container HvBaseDropdown-anchor"
                id="drop-down-menu-2"
                tabindex="-1"
              >
                <button
                  aria-expanded="false"
                  aria-label="Dropdown menu"
                  class="MuiButtonBase-root MuiButton-root HvButton-root MuiButton-text MuiButton-textPrimary HvButton-ghost MuiButton-sizeMedium MuiButton-textSizeMedium HvDropDownMenu-icon HvButton-icon HvButton-ghostSVG css-fsero8-MuiButtonBase-root-MuiButton-root"
                  id="drop-down-menu-2-icon-button"
                  tabindex="0"
                  type="button"
                >
                  <div
                    class="HvIconBase-root HvIconBase-s"
                    name="MoreOptionsVertical"
                  >
                    <svg
                      focusable="false"
                      height="16"
                      viewBox="0 0 16 16"
                      width="16"
                      xmlns="http://www.w3.org/2000/svg"
                    >
                      <path
                        class="color0"
                        d="M7 6.9h2v2H7zM7 4h2V2H7zm0 10h2v-2H7z"
                        fill="#414141"
                      />
                    </svg>
                  </div>
                </button>
              </div>
            </div>
          </div>
        </div>
        <div
          class="HvNotificationPanelNotification-root HvNotificationPanelNotification-read"
          role="button"
          tabindex="0"
        >
          <div
            class="HvNotificationPanelNotification-notificationWrapper HvNotificationPanelNotification-clickable"
          >
            <div
              class="HvNotificationPanelNotification-iconContainer"
            >
              <div
                class="HvIconBase-root HvIconBase-s"
                name="Level5"
              >
                <svg
                  focusable="false"
                  height="24"
                  viewBox="0 0 24 24"
                  width="24"
                  xmlns="http://www.w3.org/2000/svg"
                >
                  <path
                    class="color0"
                    d="M12 0A12 12 0 110 12 12 12 0 0112 0z"
                    fill="#C62828"
                  />
                  <path
                    class="color1"
                    d="M10.88 15.81h2.25v2.25h-2.25zm0-9.87h2.25v8h-2.25zm4 9.87h2.25v2.25h-2.25zm0-9.87h2.25v8h-2.25zm-8 9.87h2.25v2.25H6.88zm0-9.87h2.25v8H6.88z"
                    fill="#F0F0F0"
                  />
                </svg>
              </div>
            </div>
            <div>
              <div
                class=""
                data-mui-internal-clone-element="true"
              >
                <div
                  class="HvNotificationPanelNotification-messageContainer"
                >
                  <p
                    class="HvTypography-root HvTypography-normalText"
                  >
                    Cabin door knob malfunction
                  </p>
                </div>
              </div>
              <div
                class="HvNotificationPanelNotification-timeContainer"
              >
                <div
                  class="HvNotificationPanelNotification-bullet HvNotificationPanelNotification-hide"
                />
                <div>
                  19 June 2019, 12:00 AM
                </div>
              </div>
            </div>
          </div>
          <div
            class="HvNotificationPanelNotification-notificationActionWrapper"
          >
            <div
              class="HvBaseDropdown-root HvDropDownMenu-root"
            >
              <div
                aria-expanded="false"
                aria-haspopup="menu"
                class="HvDropDownMenu-container HvBaseDropdown-anchor"
                id="drop-down-menu-3"
                tabindex="-1"
              >
                <button
                  aria-expanded="false"
                  aria-label="Dropdown menu"
                  class="MuiButtonBase-root MuiButton-root HvButton-root MuiButton-text MuiButton-textPrimary HvButton-ghost MuiButton-sizeMedium MuiButton-textSizeMedium HvDropDownMenu-icon HvButton-icon HvButton-ghostSVG css-fsero8-MuiButtonBase-root-MuiButton-root"
                  id="drop-down-menu-3-icon-button"
                  tabindex="0"
                  type="button"
                >
                  <div
                    class="HvIconBase-root HvIconBase-s"
                    name="MoreOptionsVertical"
                  >
                    <svg
                      focusable="false"
                      height="16"
                      viewBox="0 0 16 16"
                      width="16"
                      xmlns="http://www.w3.org/2000/svg"
                    >
                      <path
                        class="color0"
                        d="M7 6.9h2v2H7zM7 4h2V2H7zm0 10h2v-2H7z"
                        fill="#414141"
                      />
                    </svg>
                  </div>
                </button>
              </div>
            </div>
          </div>
        </div>
        <div
          class="HvNotificationPanelNotification-root HvNotificationPanelNotification-read"
          role="button"
          tabindex="0"
        >
          <div
            class="HvNotificationPanelNotification-notificationWrapper"
          >
            <div
              class="HvNotificationPanelNotification-iconContainer"
            >
              <div
                class="HvIconBase-root HvIconBase-s"
                name="Level5"
              >
                <svg
                  focusable="false"
                  height="24"
                  viewBox="0 0 24 24"
                  width="24"
                  xmlns="http://www.w3.org/2000/svg"
                >
                  <path
                    class="color0"
                    d="M12 0A12 12 0 110 12 12 12 0 0112 0z"
                    fill="#C62828"
                  />
                  <path
                    class="color1"
                    d="M10.88 15.81h2.25v2.25h-2.25zm0-9.87h2.25v8h-2.25zm4 9.87h2.25v2.25h-2.25zm0-9.87h2.25v8h-2.25zm-8 9.87h2.25v2.25H6.88zm0-9.87h2.25v8H6.88z"
                    fill="#F0F0F0"
                  />
                </svg>
              </div>
            </div>
            <div>
              <div
                class=""
                data-mui-internal-clone-element="true"
              >
                <div
                  class="HvNotificationPanelNotification-messageContainer"
                >
                  <p
                    class="HvTypography-root HvTypography-normalText"
                  >
                    Cabin door knob malfunction
                  </p>
                </div>
              </div>
              <div
                class="HvNotificationPanelNotification-timeContainer"
              >
                <div
                  class="HvNotificationPanelNotification-bullet HvNotificationPanelNotification-hide"
                />
                <div>
                  19 June 2019, 12:00 AM
                </div>
              </div>
            </div>
          </div>
          <div
            class="HvNotificationPanelNotification-notificationActionWrapper"
          >
            <div
              class="HvBaseDropdown-root HvDropDownMenu-root"
            >
              <div
                aria-expanded="false"
                aria-haspopup="menu"
                class="HvDropDownMenu-container HvBaseDropdown-anchor"
                id="drop-down-menu-4"
                tabindex="-1"
              >
                <button
                  aria-expanded="false"
                  aria-label="Dropdown menu"
                  class="MuiButtonBase-root MuiButton-root HvButton-root MuiButton-text MuiButton-textPrimary HvButton-ghost MuiButton-sizeMedium MuiButton-textSizeMedium HvDropDownMenu-icon HvButton-icon HvButton-ghostSVG css-fsero8-MuiButtonBase-root-MuiButton-root"
                  id="drop-down-menu-4-icon-button"
                  tabindex="0"
                  type="button"
                >
                  <div
                    class="HvIconBase-root HvIconBase-s"
                    name="MoreOptionsVertical"
                  >
                    <svg
                      focusable="false"
                      height="16"
                      viewBox="0 0 16 16"
                      width="16"
                      xmlns="http://www.w3.org/2000/svg"
                    >
                      <path
                        class="color0"
                        d="M7 6.9h2v2H7zM7 4h2V2H7zm0 10h2v-2H7z"
                        fill="#414141"
                      />
                    </svg>
                  </div>
                </button>
              </div>
            </div>
          </div>
        </div>
      </div>
      <div
        class="HvActionBar-root HvNotificationPanel-actionBarRoot HvNotificationPanel-actionBar"
      >
        <button
          class="MuiButtonBase-root MuiButton-root HvButton-root MuiButton-text MuiButton-textPrimary HvButton-ghost MuiButton-sizeMedium MuiButton-textSizeMedium HvButton-ghostSVG css-fsero8-MuiButtonBase-root-MuiButton-root"
          tabindex="0"
          type="button"
        >
          Mark All Read
        </button>
        <button
          class="MuiButtonBase-root MuiButton-root HvButton-root MuiButton-text MuiButton-textPrimary HvButton-ghost MuiButton-sizeMedium MuiButton-textSizeMedium HvButton-ghostSVG css-fsero8-MuiButtonBase-root-MuiButton-root"
          tabindex="0"
          type="button"
        >
          Settings
        </button>
      </div>
    </div>
  </div>
</div>
`;
