// Vitest Snapshot v1, https://vitest.dev/guide/snapshot.html

exports[`BreadCrumb > should render correctly 1`] = `
<div>
  <nav
    class="HvBreadCrumb-root css-b148f9-StyledRoot e17idydo2"
  >
    <ol
      class="HvBreadCrumb-orderedList css-1fqitne-StyledOrderedList e17idydo1"
    >
      <li
        class="HvPathElement-centerContainer HvBreadCrumb-centerContainer css-1sm7i34-StyledLi e14mbcex0"
      >
        <a
          class="HvTypography-root HvTypography-label HvPage-link HvBreadCrumb-link HvPage-label HvPage-a HvBreadCrumb-a HvTypography-noWrap hv-yrsxp3"
          href="route1"
        >
          <div
            class="HvOverflowTooltip-tooltipAnchor css-trvmb4-StyledDataContainer e199gfye0"
          >
            Label 1
          </div>
        </a>
        <div
          class="HvPathElement-separatorContainer HvBreadCrumb-separatorContainer css-f95wjz"
          name="DropRightXS"
        >
          <svg
            focusable="false"
            height="12"
            viewBox="0 0 12 12"
            width="12"
            xmlns="http://www.w3.org/2000/svg"
          >
            <path
              class="color0"
              d="m4.05 10.6-.7-.7L7.25 6l-3.9-3.9.7-.7L8.65 6z"
              fill="var(--uikit-colors-secondary_60)"
            />
          </svg>
        </div>
      </li>
      <li
        class="HvPathElement-centerContainer HvBreadCrumb-centerContainer css-1sm7i34-StyledLi e14mbcex0"
      >
        <a
          class="HvTypography-root HvTypography-label HvPage-link HvBreadCrumb-link HvPage-label HvPage-a HvBreadCrumb-a HvTypography-noWrap hv-yrsxp3"
          href="route2"
        >
          <div
            class="HvOverflowTooltip-tooltipAnchor css-trvmb4-StyledDataContainer e199gfye0"
          >
            Label 2
          </div>
        </a>
        <div
          class="HvPathElement-separatorContainer HvBreadCrumb-separatorContainer css-f95wjz"
          name="DropRightXS"
        >
          <svg
            focusable="false"
            height="12"
            viewBox="0 0 12 12"
            width="12"
            xmlns="http://www.w3.org/2000/svg"
          >
            <path
              class="color0"
              d="m4.05 10.6-.7-.7L7.25 6l-3.9-3.9.7-.7L8.65 6z"
              fill="var(--uikit-colors-secondary_60)"
            />
          </svg>
        </div>
      </li>
      <li
        class="HvPathElement-centerContainer HvBreadCrumb-centerContainer css-1sm7i34-StyledLi e14mbcex0"
      >
        <a
          class="HvTypography-root HvTypography-label HvPage-link HvBreadCrumb-link HvPage-label HvPage-a HvBreadCrumb-a HvTypography-noWrap hv-yrsxp3"
          href="route3"
        >
          <div
            class="HvOverflowTooltip-tooltipAnchor css-trvmb4-StyledDataContainer e199gfye0"
          >
            Label 3
          </div>
        </a>
        <div
          class="HvPathElement-separatorContainer HvBreadCrumb-separatorContainer css-f95wjz"
          name="DropRightXS"
        >
          <svg
            focusable="false"
            height="12"
            viewBox="0 0 12 12"
            width="12"
            xmlns="http://www.w3.org/2000/svg"
          >
            <path
              class="color0"
              d="m4.05 10.6-.7-.7L7.25 6l-3.9-3.9.7-.7L8.65 6z"
              fill="var(--uikit-colors-secondary_60)"
            />
          </svg>
        </div>
      </li>
      <li
        class="HvPathElement-centerContainer HvBreadCrumb-centerContainer css-1sm7i34-StyledLi e14mbcex0"
      >
        <a
          class="HvTypography-root HvTypography-label HvPage-link HvBreadCrumb-link HvPage-label HvPage-a HvBreadCrumb-a HvTypography-noWrap hv-yrsxp3"
          href="route4"
        >
          <div
            class="HvOverflowTooltip-tooltipAnchor css-trvmb4-StyledDataContainer e199gfye0"
          >
            Label 4
          </div>
        </a>
        <div
          class="HvPathElement-separatorContainer HvBreadCrumb-separatorContainer css-f95wjz"
          name="DropRightXS"
        >
          <svg
            focusable="false"
            height="12"
            viewBox="0 0 12 12"
            width="12"
            xmlns="http://www.w3.org/2000/svg"
          >
            <path
              class="color0"
              d="m4.05 10.6-.7-.7L7.25 6l-3.9-3.9.7-.7L8.65 6z"
              fill="var(--uikit-colors-secondary_60)"
            />
          </svg>
        </div>
      </li>
      <li
        class="HvPathElement-centerContainer HvBreadCrumb-centerContainer css-1sm7i34-StyledLi e14mbcex0"
      >
        <a
          class="HvTypography-root HvTypography-label HvPage-link HvBreadCrumb-link HvPage-label HvPage-a HvBreadCrumb-a HvTypography-noWrap hv-yrsxp3"
          href="route5"
        >
          <div
            class="HvOverflowTooltip-tooltipAnchor css-trvmb4-StyledDataContainer e199gfye0"
          >
            Label 5
          </div>
        </a>
        <div
          class="HvPathElement-separatorContainer HvBreadCrumb-separatorContainer css-f95wjz"
          name="DropRightXS"
        >
          <svg
            focusable="false"
            height="12"
            viewBox="0 0 12 12"
            width="12"
            xmlns="http://www.w3.org/2000/svg"
          >
            <path
              class="color0"
              d="m4.05 10.6-.7-.7L7.25 6l-3.9-3.9.7-.7L8.65 6z"
              fill="var(--uikit-colors-secondary_60)"
            />
          </svg>
        </div>
      </li>
      <li
        class="HvPathElement-centerContainer HvBreadCrumb-centerContainer css-1sm7i34-StyledLi e14mbcex0"
      >
        <a
          class="HvTypography-root HvTypography-label HvPage-link HvBreadCrumb-link HvPage-label HvPage-a HvBreadCrumb-a HvTypography-noWrap hv-yrsxp3"
          href="route6"
        >
          <div
            class="HvOverflowTooltip-tooltipAnchor css-trvmb4-StyledDataContainer e199gfye0"
          >
            Label 6
          </div>
        </a>
        <div
          class="HvPathElement-separatorContainer HvBreadCrumb-separatorContainer css-f95wjz"
          name="DropRightXS"
        >
          <svg
            focusable="false"
            height="12"
            viewBox="0 0 12 12"
            width="12"
            xmlns="http://www.w3.org/2000/svg"
          >
            <path
              class="color0"
              d="m4.05 10.6-.7-.7L7.25 6l-3.9-3.9.7-.7L8.65 6z"
              fill="var(--uikit-colors-secondary_60)"
            />
          </svg>
        </div>
      </li>
      <li
        class="HvPathElement-centerContainer HvBreadCrumb-centerContainer css-1sm7i34-StyledLi e14mbcex0"
      >
        <p
          class="HvTypography-root HvTypography-body HvBreadCrumb-currentPage css-6uegx7-StyledTypography e17idydo0 hv-1gxwolr"
        >
          Label 7
        </p>
      </li>
    </ol>
  </nav>
</div>
`;
