// Jest Snapshot v1, https://goo.gl/fbAQLP

exports[`Avatar  default avatar snapshot 1`] = `
<WithStyles(HvAvatar)>
  <HvAvatar
    classes={
      Object {
        "L": "HvAvatar-L",
        "M": "HvAvatar-M",
        "S": "HvAvatar-S",
        "fallback": "HvAvatar-fallback",
        "img": "HvAvatar-img",
        "root": "HvAvatar-root",
      }
    }
  >
    <WithStyles(ForwardRef(Avatar))
      className="HvAvatar-root HvAvatar-S"
      style={
        Object {
          "backgroundColor": "#414141",
          "color": "#FFFFFF",
        }
      }
    >
      <ForwardRef(Avatar)
        className="HvAvatar-root HvAvatar-S"
        classes={
          Object {
            "circle": "MuiAvatar-circle",
            "colorDefault": "MuiAvatar-colorDefault",
            "fallback": "MuiAvatar-fallback",
            "img": "MuiAvatar-img",
            "root": "MuiAvatar-root",
            "rounded": "MuiAvatar-rounded",
            "square": "MuiAvatar-square",
          }
        }
        style={
          Object {
            "backgroundColor": "#414141",
            "color": "#FFFFFF",
          }
        }
      >
        <div
          className="MuiAvatar-root MuiAvatar-circle HvAvatar-root HvAvatar-S MuiAvatar-colorDefault"
          style={
            Object {
              "backgroundColor": "#414141",
              "color": "#FFFFFF",
            }
          }
        >
          <WithStyles(User)
            className="HvAvatar-fallback"
            color="atmo1"
            iconSize="XS"
          >
            <User
              className="HvAvatar-fallback"
              classes={
                Object {
                  "root": "HvIconUser-root",
                  "rootL": "HvIconUser-rootL",
                  "rootM": "HvIconUser-rootM",
                  "rootS": "HvIconUser-rootS",
                  "rootXs": "HvIconUser-rootXs",
                }
              }
              color="atmo1"
              iconSize="XS"
            >
              <div
                className="HvAvatar-fallback HvIconUser-root HvIconUser-rootXs"
              >
                <svg
                  focusable={false}
                  height="12px"
                  viewBox="0 0 16 16"
                  width="12px"
                  xmlns="http://www.w3.org/2000/svg"
                >
                  <path
                    className="color0"
                    d="M9.6 8.7A4.49656 4.49656 0 008.03809 0Q8.019-.00007 8 0a4.481 4.481 0 00-4.5 4.46194q-.00009.019 0 .03808A4.563 4.563 0 006.4 8.7 7.687 7.687 0 00.5 16h1a6.487 6.487 0 016.474-6.5H8a6.487 6.487 0 016.5 6.474V16h1a7.493 7.493 0 00-5.9-7.3zM4.5 4.5A3.543 3.543 0 018 1a3.543 3.543 0 013.5 3.5A3.543 3.543 0 018 8a3.543 3.543 0 01-3.5-3.5z"
                    fill="#FFFFFF"
                  />
                </svg>
              </div>
            </User>
          </WithStyles(User)>
        </div>
      </ForwardRef(Avatar)>
    </WithStyles(ForwardRef(Avatar))>
  </HvAvatar>
</WithStyles(HvAvatar)>
`;

exports[`Avatar  icon avatar snapshot 1`] = `
<WithStyles(HvAvatar)>
  <HvAvatar
    classes={
      Object {
        "L": "HvAvatar-L",
        "M": "HvAvatar-M",
        "S": "HvAvatar-S",
        "fallback": "HvAvatar-fallback",
        "img": "HvAvatar-img",
        "root": "HvAvatar-root",
      }
    }
  >
    <WithStyles(ForwardRef(Avatar))
      className="HvAvatar-root HvAvatar-S"
      style={
        Object {
          "backgroundColor": "#414141",
          "color": "#FFFFFF",
        }
      }
    >
      <ForwardRef(Avatar)
        className="HvAvatar-root HvAvatar-S"
        classes={
          Object {
            "circle": "MuiAvatar-circle",
            "colorDefault": "MuiAvatar-colorDefault",
            "fallback": "MuiAvatar-fallback",
            "img": "MuiAvatar-img",
            "root": "MuiAvatar-root",
            "rounded": "MuiAvatar-rounded",
            "square": "MuiAvatar-square",
          }
        }
        style={
          Object {
            "backgroundColor": "#414141",
            "color": "#FFFFFF",
          }
        }
      >
        <div
          className="MuiAvatar-root MuiAvatar-circle HvAvatar-root HvAvatar-S MuiAvatar-colorDefault"
          style={
            Object {
              "backgroundColor": "#414141",
              "color": "#FFFFFF",
            }
          }
        >
          <WithStyles(LogIn)
            iconSize="XS"
          >
            <LogIn
              classes={
                Object {
                  "root": "HvIconLogIn-root",
                  "rootL": "HvIconLogIn-rootL",
                  "rootM": "HvIconLogIn-rootM",
                  "rootS": "HvIconLogIn-rootS",
                  "rootXs": "HvIconLogIn-rootXs",
                }
              }
              iconSize="XS"
            >
              <div
                className="HvIconLogIn-root HvIconLogIn-rootXs"
              >
                <svg
                  focusable={false}
                  height="12px"
                  viewBox="0 0 16 16"
                  width="12px"
                  xmlns="http://www.w3.org/2000/svg"
                >
                  <g
                    className="color0"
                    fill="#414141"
                  >
                    <path
                      d="M15.99545 0h-10v1h9v14h-9v1h10z"
                    />
                    <path
                      d="M7.29549 12l.7.7 4.19991-4.2-4.19995-4.2-.7.7 3 3h-10.3v1h10.3z"
                    />
                  </g>
                </svg>
              </div>
            </LogIn>
          </WithStyles(LogIn)>
        </div>
      </ForwardRef(Avatar)>
    </WithStyles(ForwardRef(Avatar))>
  </HvAvatar>
</WithStyles(HvAvatar)>
`;

exports[`Avatar  image avatar snapshot 1`] = `
<WithStyles(HvAvatar)
  imgProps={
    Object {
      "onError": [Function],
      "other": "my value",
    }
  }
  src="something.jpg"
>
  <HvAvatar
    classes={
      Object {
        "L": "HvAvatar-L",
        "M": "HvAvatar-M",
        "S": "HvAvatar-S",
        "fallback": "HvAvatar-fallback",
        "img": "HvAvatar-img",
        "root": "HvAvatar-root",
      }
    }
    imgProps={
      Object {
        "onError": [Function],
        "other": "my value",
      }
    }
    src="something.jpg"
  >
    <WithStyles(ForwardRef(Avatar))
      className="HvAvatar-root HvAvatar-S"
      style={Object {}}
    >
      <ForwardRef(Avatar)
        className="HvAvatar-root HvAvatar-S"
        classes={
          Object {
            "circle": "MuiAvatar-circle",
            "colorDefault": "MuiAvatar-colorDefault",
            "fallback": "MuiAvatar-fallback",
            "img": "MuiAvatar-img",
            "root": "MuiAvatar-root",
            "rounded": "MuiAvatar-rounded",
            "square": "MuiAvatar-square",
          }
        }
        style={Object {}}
      >
        <div
          className="MuiAvatar-root MuiAvatar-circle HvAvatar-root HvAvatar-S MuiAvatar-colorDefault"
          style={Object {}}
        >
          <img
            className="HvAvatar-img"
            onError={[Function]}
            other="my value"
            src="something.jpg"
          />
        </div>
      </ForwardRef(Avatar)>
    </WithStyles(ForwardRef(Avatar))>
  </HvAvatar>
</WithStyles(HvAvatar)>
`;

exports[`Avatar  letter avatar snapshot 1`] = `
<WithStyles(HvAvatar)>
  <HvAvatar
    classes={
      Object {
        "L": "HvAvatar-L",
        "M": "HvAvatar-M",
        "S": "HvAvatar-S",
        "fallback": "HvAvatar-fallback",
        "img": "HvAvatar-img",
        "root": "HvAvatar-root",
      }
    }
  >
    <WithStyles(ForwardRef(Avatar))
      className="HvAvatar-root HvAvatar-S"
      style={
        Object {
          "backgroundColor": "#414141",
          "color": "#FFFFFF",
        }
      }
    >
      <ForwardRef(Avatar)
        className="HvAvatar-root HvAvatar-S"
        classes={
          Object {
            "circle": "MuiAvatar-circle",
            "colorDefault": "MuiAvatar-colorDefault",
            "fallback": "MuiAvatar-fallback",
            "img": "MuiAvatar-img",
            "root": "MuiAvatar-root",
            "rounded": "MuiAvatar-rounded",
            "square": "MuiAvatar-square",
          }
        }
        style={
          Object {
            "backgroundColor": "#414141",
            "color": "#FFFFFF",
          }
        }
      >
        <div
          className="MuiAvatar-root MuiAvatar-circle HvAvatar-root HvAvatar-S MuiAvatar-colorDefault"
          style={
            Object {
              "backgroundColor": "#414141",
              "color": "#FFFFFF",
            }
          }
        >
          OT
        </div>
      </ForwardRef(Avatar)>
    </WithStyles(ForwardRef(Avatar))>
  </HvAvatar>
</WithStyles(HvAvatar)>
`;
