// Jest Snapshot v1, https://goo.gl/fbAQLP

exports[`Actions should be able to render 1`] = `
<WithStyles(Actions)>
  <Actions
    classes={
      Object {
        "action": "HvVerticalNavigationActions-action",
        "noIcon": "HvVerticalNavigationActions-noIcon",
        "root": "HvVerticalNavigationActions-root",
      }
    }
  >
    <div
      className="HvVerticalNavigationActions-root"
    >
      <WithStyles(Action)
        icon={<WithStyles(Play) />}
        label="Action 1"
      >
        <Action
          classes={
            Object {
              "action": "HvVerticalNavigationAction-action",
              "noIcon": "HvVerticalNavigationAction-noIcon",
              "root": "HvVerticalNavigationAction-root",
            }
          }
          icon={<WithStyles(Play) />}
          label="Action 1"
        >
          <WithStyles(ForwardRef)
            className="HvVerticalNavigationAction-action"
            component="div"
            onKeyDown={[Function]}
            role="button"
            tabIndex={0}
            variant="normalText"
          >
            <ForwardRef
              className="HvVerticalNavigationAction-action"
              classes={
                Object {
                  "3xlTitle": "HvTypography-3xlTitle",
                  "4xlTitle": "HvTypography-4xlTitle",
                  "5xlTitle": "HvTypography-5xlTitle",
                  "disabledButtonText": "HvTypography-disabledButtonText",
                  "highlightText": "HvTypography-highlightText",
                  "infoText": "HvTypography-infoText",
                  "inlineLink": "HvTypography-inlineLink",
                  "lTitle": "HvTypography-lTitle",
                  "labelText": "HvTypography-labelText",
                  "mTitle": "HvTypography-mTitle",
                  "normalText": "HvTypography-normalText",
                  "placeholderText": "HvTypography-placeholderText",
                  "root": "HvTypography-root",
                  "sLink": "HvTypography-sLink",
                  "sText": "HvTypography-sText",
                  "sTitle": "HvTypography-sTitle",
                  "selectedNavText": "HvTypography-selectedNavText",
                  "selectedText": "HvTypography-selectedText",
                  "vizText": "HvTypography-vizText",
                  "xlTitle": "HvTypography-xlTitle",
                  "xsTitle": "HvTypography-xsTitle",
                  "xxlTitle": "HvTypography-xxlTitle",
                  "xxsTitle": "HvTypography-xxsTitle",
                }
              }
              component="div"
              onKeyDown={[Function]}
              role="button"
              tabIndex={0}
              variant="normalText"
            >
              <div
                className="HvVerticalNavigationAction-action HvTypography-root HvTypography-normalText"
                onKeyDown={[Function]}
                role="button"
                tabIndex={0}
              >
                <WithStyles(Play)
                  boxStyles={
                    Object {
                      "height": "32px",
                      "width": "32px",
                    }
                  }
                >
                  <Play
                    boxStyles={
                      Object {
                        "height": "32px",
                        "width": "32px",
                      }
                    }
                    classes={
                      Object {
                        "root": "HvIconPlay-root",
                        "rootL": "HvIconPlay-rootL",
                        "rootM": "HvIconPlay-rootM",
                        "rootS": "HvIconPlay-rootS",
                        "rootXs": "HvIconPlay-rootXs",
                      }
                    }
                  >
                    <div
                      className="HvIconPlay-root HvIconPlay-rootS"
                      style={
                        Object {
                          "height": "32px",
                          "width": "32px",
                        }
                      }
                    >
                      <svg
                        focusable={false}
                        height="16px"
                        viewBox="0 0 16 16"
                        width="16px"
                        xmlns="http://www.w3.org/2000/svg"
                      >
                        <path
                          className="color0"
                          d="M12.984 8L2 1.723v12.554L12.984 8M15 8L1 16V0z"
                          fill="#414141"
                        />
                      </svg>
                    </div>
                  </Play>
                </WithStyles(Play)>
                Action 1
              </div>
            </ForwardRef>
          </WithStyles(ForwardRef)>
        </Action>
      </WithStyles(Action)>
      <WithStyles(Action)
        label="Action 2"
      >
        <Action
          classes={
            Object {
              "action": "HvVerticalNavigationAction-action",
              "noIcon": "HvVerticalNavigationAction-noIcon",
              "root": "HvVerticalNavigationAction-root",
            }
          }
          label="Action 2"
        >
          <WithStyles(ForwardRef)
            className="HvVerticalNavigationAction-action HvVerticalNavigationAction-noIcon"
            component="div"
            onKeyDown={[Function]}
            role="button"
            tabIndex={0}
            variant="normalText"
          >
            <ForwardRef
              className="HvVerticalNavigationAction-action HvVerticalNavigationAction-noIcon"
              classes={
                Object {
                  "3xlTitle": "HvTypography-3xlTitle",
                  "4xlTitle": "HvTypography-4xlTitle",
                  "5xlTitle": "HvTypography-5xlTitle",
                  "disabledButtonText": "HvTypography-disabledButtonText",
                  "highlightText": "HvTypography-highlightText",
                  "infoText": "HvTypography-infoText",
                  "inlineLink": "HvTypography-inlineLink",
                  "lTitle": "HvTypography-lTitle",
                  "labelText": "HvTypography-labelText",
                  "mTitle": "HvTypography-mTitle",
                  "normalText": "HvTypography-normalText",
                  "placeholderText": "HvTypography-placeholderText",
                  "root": "HvTypography-root",
                  "sLink": "HvTypography-sLink",
                  "sText": "HvTypography-sText",
                  "sTitle": "HvTypography-sTitle",
                  "selectedNavText": "HvTypography-selectedNavText",
                  "selectedText": "HvTypography-selectedText",
                  "vizText": "HvTypography-vizText",
                  "xlTitle": "HvTypography-xlTitle",
                  "xsTitle": "HvTypography-xsTitle",
                  "xxlTitle": "HvTypography-xxlTitle",
                  "xxsTitle": "HvTypography-xxsTitle",
                }
              }
              component="div"
              onKeyDown={[Function]}
              role="button"
              tabIndex={0}
              variant="normalText"
            >
              <div
                className="HvVerticalNavigationAction-action HvVerticalNavigationAction-noIcon HvTypography-root HvTypography-normalText"
                onKeyDown={[Function]}
                role="button"
                tabIndex={0}
              >
                Action 2
              </div>
            </ForwardRef>
          </WithStyles(ForwardRef)>
        </Action>
      </WithStyles(Action)>
      <WithStyles(Action)
        icon={<WithStyles(Stop) />}
        label="Action 3"
      >
        <Action
          classes={
            Object {
              "action": "HvVerticalNavigationAction-action",
              "noIcon": "HvVerticalNavigationAction-noIcon",
              "root": "HvVerticalNavigationAction-root",
            }
          }
          icon={<WithStyles(Stop) />}
          label="Action 3"
        >
          <WithStyles(ForwardRef)
            className="HvVerticalNavigationAction-action"
            component="div"
            onKeyDown={[Function]}
            role="button"
            tabIndex={0}
            variant="normalText"
          >
            <ForwardRef
              className="HvVerticalNavigationAction-action"
              classes={
                Object {
                  "3xlTitle": "HvTypography-3xlTitle",
                  "4xlTitle": "HvTypography-4xlTitle",
                  "5xlTitle": "HvTypography-5xlTitle",
                  "disabledButtonText": "HvTypography-disabledButtonText",
                  "highlightText": "HvTypography-highlightText",
                  "infoText": "HvTypography-infoText",
                  "inlineLink": "HvTypography-inlineLink",
                  "lTitle": "HvTypography-lTitle",
                  "labelText": "HvTypography-labelText",
                  "mTitle": "HvTypography-mTitle",
                  "normalText": "HvTypography-normalText",
                  "placeholderText": "HvTypography-placeholderText",
                  "root": "HvTypography-root",
                  "sLink": "HvTypography-sLink",
                  "sText": "HvTypography-sText",
                  "sTitle": "HvTypography-sTitle",
                  "selectedNavText": "HvTypography-selectedNavText",
                  "selectedText": "HvTypography-selectedText",
                  "vizText": "HvTypography-vizText",
                  "xlTitle": "HvTypography-xlTitle",
                  "xsTitle": "HvTypography-xsTitle",
                  "xxlTitle": "HvTypography-xxlTitle",
                  "xxsTitle": "HvTypography-xxsTitle",
                }
              }
              component="div"
              onKeyDown={[Function]}
              role="button"
              tabIndex={0}
              variant="normalText"
            >
              <div
                className="HvVerticalNavigationAction-action HvTypography-root HvTypography-normalText"
                onKeyDown={[Function]}
                role="button"
                tabIndex={0}
              >
                <WithStyles(Stop)
                  boxStyles={
                    Object {
                      "height": "32px",
                      "width": "32px",
                    }
                  }
                >
                  <Stop
                    boxStyles={
                      Object {
                        "height": "32px",
                        "width": "32px",
                      }
                    }
                    classes={
                      Object {
                        "root": "HvIconStop-root",
                        "rootL": "HvIconStop-rootL",
                        "rootM": "HvIconStop-rootM",
                        "rootS": "HvIconStop-rootS",
                        "rootXs": "HvIconStop-rootXs",
                      }
                    }
                  >
                    <div
                      className="HvIconStop-root HvIconStop-rootS"
                      style={
                        Object {
                          "height": "32px",
                          "width": "32px",
                        }
                      }
                    >
                      <svg
                        focusable={false}
                        height="16px"
                        viewBox="0 0 16 16"
                        width="16px"
                        xmlns="http://www.w3.org/2000/svg"
                      >
                        <path
                          className="color0"
                          d="M14 14H2V2h12zM3 13h10V3H3z"
                          fill="#414141"
                        />
                      </svg>
                    </div>
                  </Stop>
                </WithStyles(Stop)>
                Action 3
              </div>
            </ForwardRef>
          </WithStyles(ForwardRef)>
        </Action>
      </WithStyles(Action)>
    </div>
  </Actions>
</WithStyles(Actions)>
`;
