// Jest Snapshot v1, https://goo.gl/fbAQLP

exports[`Chart withStyles should render correctly 1`] = `
<WithStyles(Chart)
  data={
    Array [
      Object {
        "hoverinfo": "none",
        "name": "Sales Target",
        "orientation": "h",
        "type": "bar",
        "x": Array [
          2300,
          1000,
          8500,
        ],
        "y": Array [
          "January",
          "February",
          "March",
        ],
      },
    ]
  }
  layout={Object {}}
>
  <Chart
    classes={
      Object {
        "defaultColors": "HvChart-defaultColors",
        "gridColor": "HvChart-gridColor",
        "legendText": "HvChart-legendText",
        "lineColor": "HvChart-lineColor",
        "plotColor": "HvChart-plotColor",
        "root": "HvChart-root",
        "vizText": "HvChart-vizText",
      }
    }
    data={
      Array [
        Object {
          "hoverinfo": "none",
          "name": "Sales Target",
          "orientation": "h",
          "type": "bar",
          "x": Array [
            2300,
            1000,
            8500,
          ],
          "y": Array [
            "January",
            "February",
            "March",
          ],
        },
      ]
    }
    layout={Object {}}
  >
    <div
      className="HvChart-root"
    >
      <div
        onMouseMove={[Function]}
      >
        <WithStyles(Plot)
          config={
            Object {
              "displayModeBar": false,
              "responsive": true,
            }
          }
          data={
            Array [
              Object {
                "hoverinfo": "none",
                "name": "Sales Target",
                "orientation": "h",
                "type": "bar",
                "x": Array [
                  2300,
                  1000,
                  8500,
                ],
                "y": Array [
                  "January",
                  "February",
                  "March",
                ],
              },
            ]
          }
          layout={
            Object {
              "autosize": true,
              "colorway": Array [
                "#6EAFFF",
                "#FFAB5C",
                "#5CD1B2",
                "#9672C1",
                "#ED6868",
                "#58C9DD",
                "#FFDB70",
                "#4AB573",
                "#646A98",
                "#EB7397",
                "#33ABCC",
                "#F8C169",
                "#DE64BD",
                "#419393",
                "#F5996E",
                "#528BBF",
                "#EB95AF",
                "#73BF9C",
                "#B55984",
                "#F7B552",
              ],
              "legend": Object {
                "font": Object {
                  "color": "#414141",
                  "family": undefined,
                  "size": "12px",
                },
                "orientation": "h",
                "x": 0.5,
                "xanchor": "center",
                "y": 1.15,
                "yanchor": "middle",
              },
              "margin": Object {
                "b": 50,
                "l": 50,
                "pad": 0,
                "t": 50,
              },
              "paper_bgcolor": "transparent",
              "plot_bgcolor": "transparent",
              "xaxis": Object {
                "automargin": true,
                "autorange": true,
                "fixedrange": true,
                "gridcolor": "#CCCED0",
                "linecolor": "#CCCED0",
                "linewidth": 1,
                "range": Array [
                  0,
                  8947.368421052632,
                ],
                "showgrid": true,
                "showline": false,
                "tickfont": Object {
                  "color": "#414141",
                  "family": Array [
                    "'Open Sans'",
                    "Arial",
                    "Helvetica",
                    "sans-serif",
                  ],
                  "size": 10,
                },
                "ticks": "",
                "title": Object {
                  "font": Object {
                    "color": "#414141",
                    "family": Array [
                      "'Open Sans'",
                      "Arial",
                      "Helvetica",
                      "sans-serif",
                    ],
                    "size": 10,
                  },
                },
                "type": "linear",
                "zeroline": false,
              },
              "yaxis": Object {
                "automargin": true,
                "autorange": true,
                "fixedrange": true,
                "gridcolor": "#CCCED0",
                "linecolor": "#CCCED0",
                "linewidth": 1,
                "range": Array [
                  -0.5,
                  2.5,
                ],
                "showgrid": false,
                "showline": true,
                "tickfont": Object {
                  "color": "#414141",
                  "family": Array [
                    "'Open Sans'",
                    "Arial",
                    "Helvetica",
                    "sans-serif",
                  ],
                  "size": 10,
                },
                "ticks": "",
                "title": Object {
                  "font": Object {
                    "color": "#414141",
                    "family": Array [
                      "'Open Sans'",
                      "Arial",
                      "Helvetica",
                      "sans-serif",
                    ],
                    "size": 10,
                  },
                },
                "type": "category",
                "zeroline": false,
              },
            }
          }
          onHover={[Function]}
          onUnHover={[Function]}
        >
          <Plot
            classes={Object {}}
            config={
              Object {
                "displayModeBar": false,
                "responsive": true,
              }
            }
            data={
              Array [
                Object {
                  "hoverinfo": "none",
                  "name": "Sales Target",
                  "orientation": "h",
                  "type": "bar",
                  "x": Array [
                    2300,
                    1000,
                    8500,
                  ],
                  "y": Array [
                    "January",
                    "February",
                    "March",
                  ],
                },
              ]
            }
            layout={
              Object {
                "autosize": true,
                "colorway": Array [
                  "#6EAFFF",
                  "#FFAB5C",
                  "#5CD1B2",
                  "#9672C1",
                  "#ED6868",
                  "#58C9DD",
                  "#FFDB70",
                  "#4AB573",
                  "#646A98",
                  "#EB7397",
                  "#33ABCC",
                  "#F8C169",
                  "#DE64BD",
                  "#419393",
                  "#F5996E",
                  "#528BBF",
                  "#EB95AF",
                  "#73BF9C",
                  "#B55984",
                  "#F7B552",
                ],
                "legend": Object {
                  "font": Object {
                    "color": "#414141",
                    "family": undefined,
                    "size": "12px",
                  },
                  "orientation": "h",
                  "x": 0.5,
                  "xanchor": "center",
                  "y": 1.15,
                  "yanchor": "middle",
                },
                "margin": Object {
                  "b": 50,
                  "l": 50,
                  "pad": 0,
                  "t": 50,
                },
                "paper_bgcolor": "transparent",
                "plot_bgcolor": "transparent",
                "xaxis": Object {
                  "automargin": true,
                  "autorange": true,
                  "fixedrange": true,
                  "gridcolor": "#CCCED0",
                  "linecolor": "#CCCED0",
                  "linewidth": 1,
                  "range": Array [
                    0,
                    8947.368421052632,
                  ],
                  "showgrid": true,
                  "showline": false,
                  "tickfont": Object {
                    "color": "#414141",
                    "family": Array [
                      "'Open Sans'",
                      "Arial",
                      "Helvetica",
                      "sans-serif",
                    ],
                    "size": 10,
                  },
                  "ticks": "",
                  "title": Object {
                    "font": Object {
                      "color": "#414141",
                      "family": Array [
                        "'Open Sans'",
                        "Arial",
                        "Helvetica",
                        "sans-serif",
                      ],
                      "size": 10,
                    },
                  },
                  "type": "linear",
                  "zeroline": false,
                },
                "yaxis": Object {
                  "automargin": true,
                  "autorange": true,
                  "fixedrange": true,
                  "gridcolor": "#CCCED0",
                  "linecolor": "#CCCED0",
                  "linewidth": 1,
                  "range": Array [
                    -0.5,
                    2.5,
                  ],
                  "showgrid": false,
                  "showline": true,
                  "tickfont": Object {
                    "color": "#414141",
                    "family": Array [
                      "'Open Sans'",
                      "Arial",
                      "Helvetica",
                      "sans-serif",
                    ],
                    "size": 10,
                  },
                  "ticks": "",
                  "title": Object {
                    "font": Object {
                      "color": "#414141",
                      "family": Array [
                        "'Open Sans'",
                        "Arial",
                        "Helvetica",
                        "sans-serif",
                      ],
                      "size": 10,
                    },
                  },
                  "type": "category",
                  "zeroline": false,
                },
              }
            }
            onHover={[Function]}
            onUnHover={[Function]}
          >
            <PlotlyComponent
              classes={Object {}}
              config={
                Object {
                  "displayModeBar": false,
                  "responsive": true,
                }
              }
              data={
                Array [
                  Object {
                    "hoverinfo": "none",
                    "name": "Sales Target",
                    "orientation": "h",
                    "type": "bar",
                    "x": Array [
                      2300,
                      1000,
                      8500,
                    ],
                    "y": Array [
                      "January",
                      "February",
                      "March",
                    ],
                  },
                ]
              }
              debug={false}
              layout={
                Object {
                  "autosize": true,
                  "colorway": Array [
                    "#6EAFFF",
                    "#FFAB5C",
                    "#5CD1B2",
                    "#9672C1",
                    "#ED6868",
                    "#58C9DD",
                    "#FFDB70",
                    "#4AB573",
                    "#646A98",
                    "#EB7397",
                    "#33ABCC",
                    "#F8C169",
                    "#DE64BD",
                    "#419393",
                    "#F5996E",
                    "#528BBF",
                    "#EB95AF",
                    "#73BF9C",
                    "#B55984",
                    "#F7B552",
                  ],
                  "legend": Object {
                    "font": Object {
                      "color": "#414141",
                      "family": undefined,
                      "size": "12px",
                    },
                    "orientation": "h",
                    "x": 0.5,
                    "xanchor": "center",
                    "y": 1.15,
                    "yanchor": "middle",
                  },
                  "margin": Object {
                    "b": 50,
                    "l": 50,
                    "pad": 0,
                    "t": 50,
                  },
                  "paper_bgcolor": "transparent",
                  "plot_bgcolor": "transparent",
                  "xaxis": Object {
                    "automargin": true,
                    "autorange": true,
                    "fixedrange": true,
                    "gridcolor": "#CCCED0",
                    "linecolor": "#CCCED0",
                    "linewidth": 1,
                    "range": Array [
                      0,
                      8947.368421052632,
                    ],
                    "showgrid": true,
                    "showline": false,
                    "tickfont": Object {
                      "color": "#414141",
                      "family": Array [
                        "'Open Sans'",
                        "Arial",
                        "Helvetica",
                        "sans-serif",
                      ],
                      "size": 10,
                    },
                    "ticks": "",
                    "title": Object {
                      "font": Object {
                        "color": "#414141",
                        "family": Array [
                          "'Open Sans'",
                          "Arial",
                          "Helvetica",
                          "sans-serif",
                        ],
                        "size": 10,
                      },
                    },
                    "type": "linear",
                    "zeroline": false,
                  },
                  "yaxis": Object {
                    "automargin": true,
                    "autorange": true,
                    "fixedrange": true,
                    "gridcolor": "#CCCED0",
                    "linecolor": "#CCCED0",
                    "linewidth": 1,
                    "range": Array [
                      -0.5,
                      2.5,
                    ],
                    "showgrid": false,
                    "showline": true,
                    "tickfont": Object {
                      "color": "#414141",
                      "family": Array [
                        "'Open Sans'",
                        "Arial",
                        "Helvetica",
                        "sans-serif",
                      ],
                      "size": 10,
                    },
                    "ticks": "",
                    "title": Object {
                      "font": Object {
                        "color": "#414141",
                        "family": Array [
                          "'Open Sans'",
                          "Arial",
                          "Helvetica",
                          "sans-serif",
                        ],
                        "size": 10,
                      },
                    },
                    "type": "category",
                    "zeroline": false,
                  },
                }
              }
              onAfterPlot={null}
              onHover={[Function]}
              onUnhover={[Function]}
              revision={0}
              style={
                Object {
                  "position": "relative",
                }
              }
              useResizeHandler={false}
            >
              <div
                style={
                  Object {
                    "position": "relative",
                  }
                }
              />
            </PlotlyComponent>
          </Plot>
        </WithStyles(Plot)>
      </div>
    </div>
  </Chart>
</WithStyles(Chart)>
`;

exports[`Tooltip withStyles should render correctly 1`] = `
<WithStyles(MainToolTip)
  coordinates={
    Object {
      "x": 0,
      "y": 0,
    }
  }
  data={
    Object {
      "title": "",
    }
  }
>
  <MainToolTip
    classes={
      Object {
        "root": "HvChartTooltip-root",
      }
    }
    coordinates={
      Object {
        "x": 0,
        "y": 0,
      }
    }
    data={
      Object {
        "title": "",
      }
    }
    useSingle={false}
  >
    <div
      className="HvChartTooltip-root"
      style={
        Object {
          "left": 0,
          "top": 0,
          "visibility": "hidden",
        }
      }
    >
      <WithStyles(memo(MultiTooltip))
        data={
          Object {
            "title": "",
          }
        }
      >
        <MultiTooltip
          classes={
            Object {
              "color": "HvChartMultiTooltip-color",
              "root": "HvChartMultiTooltip-root",
              "separator": "HvChartMultiTooltip-separator",
              "separatorColor": "HvChartMultiTooltip-separatorColor",
              "title": "HvChartMultiTooltip-title",
              "valueNameWrapper": "HvChartMultiTooltip-valueNameWrapper",
              "values": "HvChartMultiTooltip-values",
              "valuesContainer": "HvChartMultiTooltip-valuesContainer",
            }
          }
          data={
            Object {
              "title": "",
            }
          }
        >
          <div
            className="HvChartMultiTooltip-root"
          >
            <div
              className="HvChartMultiTooltip-title"
            >
              <div>
                <WithStyles(ForwardRef)
                  variant="highlightText"
                >
                  <ForwardRef
                    classes={
                      Object {
                        "3xlTitle": "HvTypography-3xlTitle",
                        "4xlTitle": "HvTypography-4xlTitle",
                        "5xlTitle": "HvTypography-5xlTitle",
                        "disabledText": "HvTypography-disabledText",
                        "highlightText": "HvTypography-highlightText",
                        "lTitle": "HvTypography-lTitle",
                        "link": "HvTypography-link",
                        "mTitle": "HvTypography-mTitle",
                        "noWrap": "HvTypography-noWrap",
                        "normalText": "HvTypography-normalText",
                        "placeholderText": "HvTypography-placeholderText",
                        "root": "HvTypography-root",
                        "sTitle": "HvTypography-sTitle",
                        "sectionTitle": "HvTypography-sectionTitle",
                        "selectedNavText": "HvTypography-selectedNavText",
                        "vizText": "HvTypography-vizText",
                        "vizTextDisabled": "HvTypography-vizTextDisabled",
                        "xlTitle": "HvTypography-xlTitle",
                        "xsInlineLink": "HvTypography-xsInlineLink",
                        "xsTitle": "HvTypography-xsTitle",
                        "xxlTitle": "HvTypography-xxlTitle",
                        "xxsTitle": "HvTypography-xxsTitle",
                      }
                    }
                    variant="highlightText"
                  >
                    <p
                      className="HvTypography-root HvTypography-highlightText"
                    />
                  </ForwardRef>
                </WithStyles(ForwardRef)>
              </div>
            </div>
            <div
              className="HvChartMultiTooltip-valuesContainer"
            />
          </div>
        </MultiTooltip>
      </WithStyles(memo(MultiTooltip))>
    </div>
  </MainToolTip>
</WithStyles(MainToolTip)>
`;
